BL51 BANKED LINKER/LOCATER V6.05                                                        07/23/2009  15:03:51  PAGE 1


BL51 BANKED LINKER/LOCATER V6.05, INVOKED BY:
C:\KEIL\C51\BIN\BL51.EXE Startup.obj, timing.obj, lcd.obj, i2c_master.obj, servo.obj, main.obj, helper.obj, order.obj TO
>>  monitor RAMSIZE (256) CODE (0X2000-0X7FFF) XDATA (0X8000-0XEFFF)


MEMORY MODEL: LARGE


INPUT MODULES INCLUDED:
  Startup.obj (?C_STARTUP)
  timing.obj (TIMING)
  lcd.obj (LCD)
  i2c_master.obj (I2C_MASTER)
  servo.obj (SERVO)
  main.obj (MAIN)
  helper.obj (HELPER)
  order.obj (ORDER)
  C:\KEIL\C51\LIB\C51L.LIB (?C_INIT)
  C:\KEIL\C51\LIB\C51L.LIB (?C?COPY)
  C:\KEIL\C51\LIB\C51L.LIB (?C?CLDPTR)
  C:\KEIL\C51\LIB\C51L.LIB (?C?CLDOPTR)
  C:\KEIL\C51\LIB\C51L.LIB (?C?CILDOPTR)
  C:\KEIL\C51\LIB\C51L.LIB (?C?CSTPTR)
  C:\KEIL\C51\LIB\C51L.LIB (?C?CSTOPTR)
  C:\KEIL\C51\LIB\C51L.LIB (?C?SIDIV)
  C:\KEIL\C51\LIB\C51L.LIB (?C?IILDX)
  C:\KEIL\C51\LIB\C51L.LIB (?C?ILDIX)
  C:\KEIL\C51\LIB\C51L.LIB (?C?LLDPTR)
  C:\KEIL\C51\LIB\C51L.LIB (?C?LSTXDATA)
  C:\KEIL\C51\LIB\C51L.LIB (?C?CCASE)
  C:\KEIL\C51\LIB\C51L.LIB (?C_IBP)
  C:\KEIL\C51\LIB\C51L.LIB (STRLEN)
  C:\KEIL\C51\LIB\C51L.LIB (?C?UIDIV)
  C:\KEIL\C51\LIB\C51L.LIB (?C?LLDIDATA)
  C:\KEIL\C51\LIB\C51L.LIB (?C?LLDXDATA)
  C:\KEIL\C51\LIB\C51L.LIB (?C?LLDPDATA)
  C:\KEIL\C51\LIB\C51L.LIB (?C?LLDCODE)


LINK MAP OF MODULE:  monitor (?C_STARTUP)


            TYPE    BASE      LENGTH    RELOCATION   SEGMENT NAME
            -----------------------------------------------------

            * * * * * * *   D A T A   M E M O R Y   * * * * * * *
            REG     0000H     0008H     ABSOLUTE     "REG BANK 0"
            DATA    0008H     0001H     UNIT         ?C?LIB_DATA
                    0009H     0017H                  *** GAP ***
            BIT     0020H.0   0000H.1   UNIT         ?BI?I2C_MASTER
                    0020H.1   0000H.7                *** GAP ***
            IDATA   0021H     0001H     UNIT         ?STACK

            * * * * * * *  X D A T A   M E M O R Y  * * * * * * *
                    0000H     8000H                  *** GAP ***
            XDATA   8000H     0039H     UNIT         ?XD?_ORDER_ADD_PARAMS?ORDER
            XDATA   8039H     001AH     UNIT         _XDATA_GROUP_
            XDATA   8053H     0008H     UNIT         ?XD?LCD
BL51 BANKED LINKER/LOCATER V6.05                                                      07/23/2009  15:03:51  PAGE 2


            XDATA   805BH     0006H     UNIT         ?XD?I2C_MASTER
            XDATA   8061H     0005H     UNIT         ?XD?MAIN
            XDATA   8066H     0005H     UNIT         ?XD?_ORDER_SHIFT?ORDER
            XDATA   806BH     0005H     UNIT         ?XD?_ORDER_UNSHIFT?ORDER
            XDATA   8070H     0004H     UNIT         ?XD?TIMING
            XDATA   8074H     0004H     UNIT         ?XD?_INTERN_ORDER_SHIFT?ORDER
            XDATA   8078H     0004H     UNIT         ?XD?_INTERN_ORDER_UNSHIFT?ORDER
            XDATA   807CH     0004H     UNIT         ?XD?_ORDER_SEND?ORDER
            XDATA   8080H     0003H     UNIT         ?XD?_ORDER_INIT?ORDER
            XDATA   8083H     0003H     UNIT         ?XD?_ORDER_SEND_AND_RECV_CURRENT_ORDER?ORDER
            XDATA   8086H     0003H     UNIT         ?XD?_ORDER_SEND_AND_RECV?ORDER

            * * * * * * *   C O D E   M E M O R Y   * * * * * * *
                    0000H     0023H                  *** GAP ***
            CODE    0023H     0003H     ABSOLUTE     
                    0026H     1FDAH                  *** GAP ***
            CODE    2000H     0003H     ABSOLUTE     
            CODE    2003H     0007H     UNIT         ?PR?LCD_COMM_WAIT?LCD
                    200AH     0001H                  *** GAP ***
            CODE    200BH     0003H     ABSOLUTE     
            CODE    200EH     0018H     UNIT         ?CO?MAIN
            CODE    2026H     0005H     UNIT         ?PR?LCD_CLEAR?LCD
            CODE    202BH     0003H     ABSOLUTE     
            CODE    202EH     02E0H     UNIT         ?C?LIB_CODE
            CODE    230EH     011AH     UNIT         ?PR?_INT2STR?HELPER
            CODE    2428H     0107H     UNIT         ?PR?_ORDER_ADD_PARAMS?ORDER
            CODE    252FH     00B1H     UNIT         ?PR?_CHECKSTATUS?I2C_MASTER
            CODE    25E0H     008FH     UNIT         ?C_C51STARTUP
            CODE    266FH     007DH     UNIT         ?PR?_INTERN_ORDER_UNSHIFT?ORDER
            CODE    26ECH     007CH     UNIT         ?PR?_INTERN_ORDER_SHIFT?ORDER
            CODE    2768H     007BH     UNIT         ?PR?_ORDER_SEND_AND_RECV?ORDER
            CODE    27E3H     006DH     UNIT         ?PR?_WAIT_MS?TIMING
            CODE    2850H     006BH     UNIT         ?PR?_LCD_PRINT_STRING?LCD
            CODE    28BBH     0062H     UNIT         ?PR?_WAIT_100US?TIMING
            CODE    291DH     005CH     UNIT         ?PR?MAIN?MAIN
            CODE    2979H     005BH     UNIT         ?PR?_ORDER_SEND_AND_RECV_CURRENT_ORDER?ORDER
            CODE    29D4H     005AH     UNIT         ?PR?_ORDER_SEND?ORDER
            CODE    2A2EH     0058H     UNIT         ?PR?LCD_INIT?LCD
            CODE    2A86H     0056H     UNIT         ?PR?INT_TIMER0?TIMING
            CODE    2ADCH     0041H     UNIT         ?PR?_I2C_RECEIVE?I2C_MASTER
            CODE    2B1DH     0040H     UNIT         ?PR?_ORDER_INIT?ORDER
            CODE    2B5DH     003DH     UNIT         ?PR?I2C_INTERRUPT?I2C_MASTER
            CODE    2B9AH     0036H     UNIT         ?PR?_I2C_SEND?I2C_MASTER
            CODE    2BD0H     0033H     UNIT         ?PR?_ORDER_SHIFT?ORDER
            CODE    2C03H     0033H     UNIT         ?PR?_ORDER_UNSHIFT?ORDER
            CODE    2C36H     001FH     UNIT         ?PR?USLEEP100?TIMING
            CODE    2C55H     001FH     UNIT         ?C_INITSEG
            CODE    2C74H     0017H     UNIT         ?PR?INIT_TIMER0?TIMING
            CODE    2C8BH     0017H     UNIT         ?PR?_WAIT_WITH_TIMER?TIMING
            CODE    2CA2H     0016H     UNIT         ?PR?_SERVO_SET_POS?SERVO
            CODE    2CB8H     0015H     UNIT         ?PR?_BYTES_TO_RECV?ORDER
            CODE    2CCDH     0015H     UNIT         ?PR?_STRLEN?STRLEN
            CODE    2CE2H     0013H     UNIT         ?PR?_LCD_COMMAND?LCD
            CODE    2CF5H     0013H     UNIT         ?PR?_LCD_DATA?LCD
            CODE    2D08H     0013H     UNIT         ?PR?I2C_INIT?I2C_MASTER
            CODE    2D1BH     0010H     UNIT         ?PR?LCD_BUSY?LCD
            CODE    2D2BH     000CH     UNIT         ?PR?_ORDER_SET_TYPE?ORDER
BL51 BANKED LINKER/LOCATER V6.05                                                      07/23/2009  15:03:51  PAGE 3





OVERLAY MAP OF MODULE:   monitor (?C_STARTUP)


SEGMENT                                            XDATA_GROUP
  +--> CALLED SEGMENT                            START    LENGTH
----------------------------------------------------------------
?C_C51STARTUP                                    -----    -----
  +--> ?PR?MAIN?MAIN
  +--> ?C_INITSEG

?PR?MAIN?MAIN                                    8039H    0011H
  +--> ?PR?I2C_INIT?I2C_MASTER
  +--> ?PR?LCD_INIT?LCD
  +--> ?CO?MAIN
  +--> ?PR?_LCD_PRINT_STRING?LCD
  +--> ?PR?_WAIT_MS?TIMING
  +--> ?PR?_I2C_SEND?I2C_MASTER
  +--> ?PR?_INT2STR?HELPER

?PR?LCD_INIT?LCD                                 -----    -----
  +--> ?PR?_WAIT_MS?TIMING
  +--> ?PR?_WAIT_100US?TIMING
  +--> ?PR?_LCD_COMMAND?LCD

?PR?_WAIT_MS?TIMING                              804AH    0002H
  +--> ?PR?USLEEP100?TIMING

?PR?_WAIT_100US?TIMING                           804AH    0002H

?PR?_LCD_COMMAND?LCD                             -----    -----
  +--> ?PR?LCD_COMM_WAIT?LCD

?PR?LCD_COMM_WAIT?LCD                            -----    -----
  +--> ?PR?LCD_BUSY?LCD

?PR?_LCD_PRINT_STRING?LCD                        804AH    0006H
  +--> ?PR?LCD_CLEAR?LCD
  +--> ?PR?_LCD_DATA?LCD
  +--> ?PR?_LCD_COMMAND?LCD

?PR?LCD_CLEAR?LCD                                -----    -----
  +--> ?PR?_LCD_COMMAND?LCD

?PR?_LCD_DATA?LCD                                -----    -----
  +--> ?PR?LCD_COMM_WAIT?LCD

?PR?_INT2STR?HELPER                              804AH    0009H

*** NEW ROOT ***************************************************

?PR?I2C_INTERRUPT?I2C_MASTER                     -----    -----
  +--> ?PR?_CHECKSTATUS?I2C_MASTER


BL51 BANKED LINKER/LOCATER V6.05                                                      07/23/2009  15:03:51  PAGE 4



UNRESOLVED EXTERNAL SYMBOLS:
   CONDTIMERSTATUS



SYMBOL TABLE OF MODULE:  monitor (?C_STARTUP)

  VALUE           TYPE          NAME
  ----------------------------------

  -------         MODULE        ?C_STARTUP
  C:25E0H         SEGMENT       ?C_C51STARTUP
  I:0021H         SEGMENT       ?STACK
  C:2000H         PUBLIC        ?C_STARTUP
  N:0001H         SYMBOL        IBPSTACK
  N:0100H         SYMBOL        IBPSTACKTOP
  N:0100H         SYMBOL        IDATALEN
  C:25E3H         SYMBOL        IDATALOOP
  N:0000H         SYMBOL        PBPSTACK
  N:0000H         SYMBOL        PBPSTACKTOP
  N:0000H         SYMBOL        PDATALEN
  N:0000H         SYMBOL        PDATASTART
  N:0000H         SYMBOL        PPAGE
  N:0000H         SYMBOL        PPAGEENABLE
  D:0081H         SYMBOL        SP
  C:25E0H         SYMBOL        STARTUP1
  N:0000H         SYMBOL        XBPSTACK
  N:0000H         SYMBOL        XBPSTACKTOP
  N:0000H         SYMBOL        XDATALEN
  N:0000H         SYMBOL        XDATASTART
  C:2000H         LINE#         80
  C:25E0H         LINE#         87
  C:25E2H         LINE#         88
  C:25E3H         LINE#         89
  C:25E4H         LINE#         90
  C:25E6H         LINE#         124
  C:25E9H         LINE#         139
  C:25ECH         LINE#         140
  -------         ENDMOD        ?C_STARTUP

  -------         MODULE        TIMING
  C:0000H         SYMBOL        _ICE_DUMMY_
  C:2A86H         PUBLIC        int_timer0
  B:00A8H.7       PUBLIC        EA
  C:28BBH         PUBLIC        _wait_100us
  X:8070H         PUBLIC        wait_ms_max
  C:2C36H         PUBLIC        usleep100
  D:0089H         PUBLIC        TMOD
  B:00A8H.1       PUBLIC        ET0
  D:008CH         PUBLIC        TH0
  D:008AH         PUBLIC        TL0
  B:0088H.4       PUBLIC        TR0
  C:2C8BH         PUBLIC        _wait_with_timer
  X:8072H         PUBLIC        wait_ms_current
  C:2C74H         PUBLIC        init_timer0
  C:27E3H         PUBLIC        _wait_ms
BL51 BANKED LINKER/LOCATER V6.05                                                      07/23/2009  15:03:51  PAGE 5


  -------         PROC          INIT_TIMER0
  C:2C74H         LINE#         43
  C:2C74H         LINE#         44
  C:2C76H         LINE#         45
  C:2C78H         LINE#         46
  C:2C7AH         LINE#         47
  C:2C82H         LINE#         48
  C:2C85H         LINE#         49
  C:2C88H         LINE#         50
  C:2C8AH         LINE#         51
  -------         ENDPROC       INIT_TIMER0
  -------         PROC          INT_TIMER0
  C:2A86H         LINE#         53
  C:2A97H         LINE#         54
  C:2AB0H         LINE#         55
  C:2AB2H         LINE#         56
  C:2AB4H         LINE#         57
  C:2ABBH         LINE#         58
  C:2AC1H         LINE#         60
  C:2AC3H         LINE#         61
  C:2AC3H         LINE#         62
  C:2AC5H         LINE#         63
  C:2AC8H         LINE#         64
  C:2ACBH         LINE#         65
  C:2ACDH         LINE#         66
  C:2ACDH         LINE#         67
  -------         ENDPROC       INT_TIMER0
  -------         PROC          _WAIT_WITH_TIMER
  D:0006H         SYMBOL        ms
  C:2C8BH         LINE#         69
  C:2C8BH         LINE#         70
  C:2C8EH         LINE#         71
  C:2C94H         LINE#         72
  C:2C9CH         LINE#         73
  C:2CA1H         LINE#         74
  -------         ENDPROC       _WAIT_WITH_TIMER
  -------         PROC          USLEEP100
  -------         DO            
  D:0006H         SYMBOL        i
  -------         ENDDO         
  C:2C36H         LINE#         76
  C:2C36H         LINE#         79
  C:2C39H         LINE#         80
  C:2C39H         LINE#         81
  C:2C44H         LINE#         82
  C:2C48H         LINE#         83
  C:2C4CH         LINE#         84
  C:2C50H         LINE#         85
  C:2C54H         LINE#         86
  -------         ENDPROC       USLEEP100
  -------         PROC          _WAIT_100US
  D:0007H         SYMBOL        us
  -------         DO            
  X:804AH         SYMBOL        i
  -------         ENDDO         
  C:28BBH         LINE#         88
  C:28BBH         LINE#         91
BL51 BANKED LINKER/LOCATER V6.05                                                      07/23/2009  15:03:51  PAGE 6


  C:28C1H         LINE#         92
  C:28C8H         LINE#         93
  C:28C8H         LINE#         94
  C:28E2H         LINE#         95
  C:28F0H         LINE#         96
  C:28FEH         LINE#         97
  C:290CH         LINE#         98
  C:291AH         LINE#         99
  C:291CH         LINE#         100
  -------         ENDPROC       _WAIT_100US
  -------         PROC          _WAIT_MS
  D:0004H         SYMBOL        ms
  -------         DO            
  X:804AH         SYMBOL        i
  -------         ENDDO         
  C:27E3H         LINE#         102
  C:27E7H         LINE#         105
  C:27F0H         LINE#         107
  C:27F7H         LINE#         108
  C:2819H         LINE#         109
  C:283AH         LINE#         110
  C:2848H         LINE#         111
  C:284FH         LINE#         112
  -------         ENDPROC       _WAIT_MS
  -------         ENDMOD        TIMING

  -------         MODULE        LCD
  C:0000H         SYMBOL        _ICE_DUMMY_
  X:8053H         PUBLIC        RD_DAT_REG
  X:8055H         PUBLIC        RD_COM_REG
  C:2026H         PUBLIC        lcd_clear
  X:8057H         PUBLIC        WR_DAT_REG
  X:8059H         PUBLIC        WR_COM_REG
  C:2CF5H         PUBLIC        _lcd_data
  C:2850H         PUBLIC        _lcd_print_string
  C:2A2EH         PUBLIC        lcd_init
  C:2D1BH         PUBLIC        lcd_busy
  C:2003H         PUBLIC        lcd_comm_wait
  C:2CE2H         PUBLIC        _lcd_command
  -------         PROC          LCD_BUSY
  C:2D1BH         LINE#         20
  C:2D1BH         LINE#         21
  C:2D2AH         LINE#         22
  -------         ENDPROC       LCD_BUSY
  -------         PROC          LCD_COMM_WAIT
  C:2003H         LINE#         27
  C:2003H         LINE#         28
  C:2009H         LINE#         29
  -------         ENDPROC       LCD_COMM_WAIT
  -------         PROC          _LCD_COMMAND
  D:0005H         SYMBOL        command
  C:2CE2H         LINE#         37
  C:2CE4H         LINE#         38
  C:2CE7H         LINE#         39
  C:2CF4H         LINE#         40
  -------         ENDPROC       _LCD_COMMAND
  -------         PROC          _LCD_DATA
BL51 BANKED LINKER/LOCATER V6.05                                                      07/23/2009  15:03:51  PAGE 7


  D:0005H         SYMBOL        c
  C:2CF5H         LINE#         48
  C:2CF7H         LINE#         49
  C:2CFAH         LINE#         50
  C:2D07H         LINE#         51
  -------         ENDPROC       _LCD_DATA
  -------         PROC          LCD_INIT
  C:2A2EH         LINE#         56
  C:2A2EH         LINE#         57
  C:2A35H         LINE#         58
  C:2A43H         LINE#         59
  C:2A4AH         LINE#         60
  C:2A58H         LINE#         61
  C:2A5DH         LINE#         62
  C:2A6BH         LINE#         63
  C:2A72H         LINE#         65
  C:2A77H         LINE#         66
  C:2A7CH         LINE#         67
  C:2A81H         LINE#         68
  -------         ENDPROC       LCD_INIT
  -------         PROC          LCD_CLEAR
  C:2026H         LINE#         74
  C:2026H         LINE#         75
  -------         ENDPROC       LCD_CLEAR
  -------         PROC          _LCD_PRINT_STRING
  X:804AH         SYMBOL        buffer
  -------         DO            
  X:804DH         SYMBOL        cur
  -------         ENDDO         
  C:2850H         LINE#         124
  C:285BH         LINE#         125
  C:2864H         LINE#         126
  C:2867H         LINE#         127
  C:2878H         LINE#         128
  C:287BH         LINE#         129
  C:2885H         LINE#         130
  C:28ABH         LINE#         131
  C:28ABH         LINE#         132
  C:28ADH         LINE#         133
  C:28AFH         LINE#         134
  C:28AFH         LINE#         135
  C:28B1H         LINE#         136
  C:28B3H         LINE#         137
  C:28B3H         LINE#         138
  C:28B8H         LINE#         139
  C:28BAH         LINE#         140
  C:28BAH         LINE#         141
  C:28BAH         LINE#         142
  -------         ENDPROC       _LCD_PRINT_STRING
  -------         ENDMOD        LCD

  -------         MODULE        I2C_MASTER
  C:0000H         SYMBOL        _ICE_DUMMY_
  B:00A8H.7       PUBLIC        EA
  C:252FH         PUBLIC        _checkStatus
  C:2B9AH         PUBLIC        _i2c_send
  C:2D08H         PUBLIC        i2c_init
BL51 BANKED LINKER/LOCATER V6.05                                                      07/23/2009  15:03:51  PAGE 8


  B:00D8H.6       PUBLIC        ENS1
  X:805BH         PUBLIC        i2cBufIndex
  X:805CH         PUBLIC        i2cBuf
  B:0020H.0       PUBLIC        i2cBusy
  X:805EH         PUBLIC        i2cStartByte
  X:805FH         PUBLIC        i2cBufSize
  C:2ADCH         PUBLIC        _i2c_receive
  B:00A8H.5       PUBLIC        ES1
  C:2B5DH         PUBLIC        i2c_interrupt
  X:8060H         PUBLIC        i2cAttempts
  B:0090H.7       PUBLIC        SDA
  D:00DBH         PUBLIC        S1ADR
  D:00DAH         PUBLIC        S1DAT
  B:0090H.6       PUBLIC        SCL
  D:00D8H         PUBLIC        S1CON
  B:00D8H.5       PUBLIC        STA
  D:00D9H         PUBLIC        S1STA
  -------         PROC          I2C_INTERRUPT
  -------         DO            
  D:0007H         SYMBOL        i2cStatus
  -------         ENDDO         
  C:2B5DH         LINE#         50
  C:2B7AH         LINE#         51
  C:2B7CH         LINE#         52
  C:2B7FH         LINE#         53
  -------         ENDPROC       I2C_INTERRUPT
  -------         PROC          _CHECKSTATUS
  D:0007H         SYMBOL        i2cStatus
  C:252FH         LINE#         57
  C:252FH         LINE#         58
  C:2552H         LINE#         59
  C:2552H         LINE#         60
  C:2552H         LINE#         64
  C:2552H         LINE#         68
  C:2555H         LINE#         69
  C:2555H         LINE#         70
  C:2557H         LINE#         72
  C:2557H         LINE#         76
  C:2557H         LINE#         80
  C:255DH         LINE#         81
  C:256AH         LINE#         82
  C:256AH         LINE#         84
  C:256AH         LINE#         85
  C:256AH         LINE#         86
  C:256CH         LINE#         88
  C:256CH         LINE#         90
  C:257DH         LINE#         91
  C:257DH         LINE#         92
  C:257DH         LINE#         93
  C:257FH         LINE#         95
  C:257FH         LINE#         99
  C:257FH         LINE#         103
  C:2588H         LINE#         104
  C:2588H         LINE#         105
  C:258BH         LINE#         106
  C:258EH         LINE#         107
  C:258FH         LINE#         109
BL51 BANKED LINKER/LOCATER V6.05                                                      07/23/2009  15:03:51  PAGE 9


  C:258FH         LINE#         110
  C:258FH         LINE#         111
  C:258FH         LINE#         112
  C:258FH         LINE#         113
  C:2591H         LINE#         115
  C:2591H         LINE#         119
  C:25A5H         LINE#         120
  C:25A5H         LINE#         124
  C:25ABH         LINE#         126
  C:25B8H         LINE#         127
  C:25B8H         LINE#         128
  C:25BBH         LINE#         129
  C:25BCH         LINE#         131
  C:25BCH         LINE#         132
  C:25BFH         LINE#         133
  C:25BFH         LINE#         134
  C:25C0H         LINE#         136
  C:25C0H         LINE#         140
  C:25D4H         LINE#         141
  C:25DAH         LINE#         142
  C:25DAH         LINE#         144
  C:25DDH         LINE#         145
  C:25DFH         LINE#         146
  C:25DFH         LINE#         147
  C:25DFH         LINE#         148
  -------         ENDPROC       _CHECKSTATUS
  -------         PROC          _I2C_SEND
  D:0001H         SYMBOL        buffer
  D:0005H         SYMBOL        size
  C:2B9AH         LINE#         156
  C:2B9AH         LINE#         157
  C:2B9AH         LINE#         158
  C:2BA4H         LINE#         159
  C:2BA9H         LINE#         160
  C:2BACH         LINE#         162
  C:2BBEH         LINE#         164
  C:2BC0H         LINE#         165
  C:2BC2H         LINE#         166
  C:2BC7H         LINE#         168
  C:2BCAH         LINE#         169
  C:2BCFH         LINE#         170
  -------         ENDPROC       _I2C_SEND
  -------         PROC          _I2C_RECEIVE
  D:0001H         SYMBOL        buffer
  D:0005H         SYMBOL        size
  C:2ADCH         LINE#         178
  C:2ADCH         LINE#         179
  C:2ADCH         LINE#         180
  C:2AE5H         LINE#         182
  C:2AEFH         LINE#         183
  C:2AF4H         LINE#         184
  C:2AF7H         LINE#         186
  C:2B0BH         LINE#         187
  C:2B0DH         LINE#         188
  C:2B0FH         LINE#         189
  C:2B14H         LINE#         191
  C:2B17H         LINE#         192
BL51 BANKED LINKER/LOCATER V6.05                                                      07/23/2009  15:03:51  PAGE 10


  C:2B1CH         LINE#         193
  -------         ENDPROC       _I2C_RECEIVE
  -------         PROC          I2C_INIT
  C:2D08H         LINE#         197
  C:2D08H         LINE#         198
  C:2D08H         LINE#         199
  C:2D0AH         LINE#         200
  C:2D0DH         LINE#         202
  C:2D10H         LINE#         204
  C:2D12H         LINE#         205
  C:2D14H         LINE#         207
  C:2D16H         LINE#         208
  C:2D18H         LINE#         209
  C:2D1AH         LINE#         210
  -------         ENDPROC       I2C_INIT
  -------         ENDMOD        I2C_MASTER

  -------         MODULE        SERVO
  C:0000H         SYMBOL        _ICE_DUMMY_
  C:2CA2H         PUBLIC        _servo_set_pos
  D:00FDH         PUBLIC        PWM1
  D:00FEH         PUBLIC        PWMP
  -------         PROC          _SERVO_SET_POS
  D:0007H         SYMBOL        pos
  C:2CA2H         LINE#         14
  C:2CA2H         LINE#         15
  C:2CA8H         LINE#         16
  C:2CAAH         LINE#         17
  C:2CAAH         LINE#         18
  C:2CADH         LINE#         19
  C:2CB7H         LINE#         20
  -------         ENDPROC       _SERVO_SET_POS
  -------         ENDMOD        SERVO

  -------         MODULE        MAIN
  C:0000H         SYMBOL        _ICE_DUMMY_
  C:0023H         PUBLIC        reserve
  C:291DH         PUBLIC        main
  X:8061H         PUBLIC        buf
  -------         PROC          MAIN
  -------         DO            
  X:8039H         SYMBOL        send
  X:803AH         SYMBOL        order
  -------         ENDDO         
  C:291DH         LINE#         63
  C:291DH         LINE#         65
  C:2922H         LINE#         71
  C:2925H         LINE#         72
  C:2928H         LINE#         73
  C:2931H         LINE#         74
  C:2938H         LINE#         75
  C:2941H         LINE#         77
  C:2941H         LINE#         84
  C:2947H         LINE#         85
  C:294BH         LINE#         86
  C:295BH         LINE#         87
  C:2967H         LINE#         88
BL51 BANKED LINKER/LOCATER V6.05                                                      07/23/2009  15:03:51  PAGE 11


  C:2970H         LINE#         93
  C:2977H         LINE#         94
  -------         ENDPROC       MAIN
  -------         ENDMOD        MAIN

  -------         MODULE        HELPER
  C:0000H         SYMBOL        _ICE_DUMMY_
  C:230EH         PUBLIC        _int2str
  -------         PROC          _INT2STR
  X:804AH         SYMBOL        str
  X:804DH         SYMBOL        i
  -------         DO            
  X:804FH         SYMBOL        a
  X:8051H         SYMBOL        j
  X:8052H         SYMBOL        n
  -------         ENDDO         
  C:230EH         LINE#         3
  C:231FH         LINE#         7
  C:2327H         LINE#         8
  C:233CH         LINE#         9
  C:2351H         LINE#         10
  C:2351H         LINE#         12
  C:235EH         LINE#         13
  C:2364H         LINE#         14
  C:237EH         LINE#         15
  C:2388H         LINE#         17
  C:2395H         LINE#         18
  C:23A6H         LINE#         19
  C:23BDH         LINE#         20
  C:23F1H         LINE#         21
  C:2408H         LINE#         22
  C:2410H         LINE#         23
  -------         ENDPROC       _INT2STR
  -------         ENDMOD        HELPER

  -------         MODULE        ORDER
  C:0000H         SYMBOL        _ICE_DUMMY_
  C:2CB8H         PUBLIC        _bytes_to_recv
  C:2C03H         PUBLIC        _order_unshift
  C:2428H         PUBLIC        _order_add_params
  C:26ECH         PUBLIC        _intern_order_shift
  C:2BD0H         PUBLIC        _order_shift
  C:29D4H         PUBLIC        _order_send
  C:2B25H         PUBLIC        _order_init
  C:2979H         PUBLIC        _order_send_and_recv_current_order
  C:2768H         PUBLIC        _order_send_and_recv
  C:2D2BH         PUBLIC        _order_set_type
  C:266FH         PUBLIC        _intern_order_unshift
  -------         PROC          L?0040
  -------         ENDPROC       L?0040
  -------         PROC          _ORDER_INIT
  X:8080H         SYMBOL        order
  -------         DO            
  D:0007H         SYMBOL        i
  -------         ENDDO         
  C:2B25H         LINE#         6
  C:2B30H         LINE#         8
BL51 BANKED LINKER/LOCATER V6.05                                                      07/23/2009  15:03:51  PAGE 12


  C:2B32H         LINE#         11
  C:2B32H         LINE#         12
  C:2B46H         LINE#         13
  C:2B4BH         LINE#         15
  -------         ENDPROC       _ORDER_INIT
  -------         PROC          _INTERN_ORDER_SHIFT
  X:8074H         SYMBOL        order
  -------         DO            
  X:8077H         SYMBOL        i
  -------         ENDDO         
  C:26ECH         LINE#         18
  C:26F7H         LINE#         19
  C:26FBH         LINE#         20
  C:26FBH         LINE#         21
  C:274FH         LINE#         22
  C:2759H         LINE#         23
  -------         ENDPROC       _INTERN_ORDER_SHIFT
  -------         PROC          _ORDER_SHIFT
  X:8066H         SYMBOL        order
  X:8069H         SYMBOL        times
  -------         DO            
  X:806AH         SYMBOL        i
  -------         ENDDO         
  C:2BD0H         LINE#         26
  C:2BDEH         LINE#         27
  C:2BE1H         LINE#         28
  C:2BECH         LINE#         29
  C:2BFAH         LINE#         30
  C:2C02H         LINE#         31
  -------         ENDPROC       _ORDER_SHIFT
  -------         PROC          _INTERN_ORDER_UNSHIFT
  X:8078H         SYMBOL        order
  -------         DO            
  X:807BH         SYMBOL        i
  -------         ENDDO         
  C:266FH         LINE#         33
  C:267AH         LINE#         34
  C:267DH         LINE#         35
  C:267DH         LINE#         36
  C:26D0H         LINE#         37
  C:26DAH         LINE#         38
  -------         ENDPROC       _INTERN_ORDER_UNSHIFT
  -------         PROC          _ORDER_UNSHIFT
  X:806BH         SYMBOL        order
  X:806EH         SYMBOL        times
  -------         DO            
  X:806FH         SYMBOL        i
  -------         ENDDO         
  C:2C03H         LINE#         41
  C:2C11H         LINE#         42
  C:2C14H         LINE#         43
  C:2C1FH         LINE#         44
  C:2C2DH         LINE#         45
  C:2C35H         LINE#         46
  -------         ENDPROC       _ORDER_UNSHIFT
  -------         PROC          _ORDER_SEND
  X:807CH         SYMBOL        order
BL51 BANKED LINKER/LOCATER V6.05                                                      07/23/2009  15:03:51  PAGE 13


  -------         DO            
  X:807FH         SYMBOL        bytes_send
  -------         ENDDO         
  C:29D4H         LINE#         48
  C:29DFH         LINE#         49
  C:29E2H         LINE#         50
  C:29E7H         LINE#         51
  C:29F7H         LINE#         52
  C:2A18H         LINE#         53
  C:2A28H         LINE#         54
  C:2A2DH         LINE#         56
  -------         ENDPROC       _ORDER_SEND
  -------         PROC          _ORDER_SEND_AND_RECV_CURRENT_ORDER
  X:8083H         SYMBOL        order
  C:2979H         LINE#         58
  C:2984H         LINE#         59
  C:2992H         LINE#         60
  C:2998H         LINE#         61
  C:29A8H         LINE#         62
  C:29B8H         LINE#         63
  C:29D3H         LINE#         64
  -------         ENDPROC       _ORDER_SEND_AND_RECV_CURRENT_ORDER
  -------         PROC          _BYTES_TO_RECV
  D:0001H         SYMBOL        order
  C:2CB8H         LINE#         66
  C:2CB8H         LINE#         67
  C:2CC7H         LINE#         68
  C:2CC7H         LINE#         69
  C:2CC7H         LINE#         70
  C:2CC7H         LINE#         71
  C:2CCAH         LINE#         72
  C:2CCAH         LINE#         73
  C:2CCCH         LINE#         74
  C:2CCCH         LINE#         75
  -------         ENDPROC       _BYTES_TO_RECV
  -------         PROC          _ORDER_SEND_AND_RECV
  X:8086H         SYMBOL        order
  C:2768H         LINE#         77
  C:2773H         LINE#         78
  C:2783H         LINE#         79
  C:2793H         LINE#         80
  C:27AFH         LINE#         81
  C:27B5H         LINE#         82
  C:27C5H         LINE#         83
  -------         ENDPROC       _ORDER_SEND_AND_RECV
  -------         PROC          _ORDER_SET_TYPE
  D:0001H         SYMBOL        order
  D:0005H         SYMBOL        type
  C:2D2BH         LINE#         86
  C:2D2BH         LINE#         87
  C:2D2FH         LINE#         88
  -------         ENDPROC       _ORDER_SET_TYPE
  -------         PROC          _ORDER_ADD_PARAMS
  X:8000H         SYMBOL        order
  X:8003H         SYMBOL        format
  -------         DO            
  X:8006H         SYMBOL        ellipsis_40
BL51 BANKED LINKER/LOCATER V6.05                                                      07/23/2009  15:03:51  PAGE 14


  X:802EH         SYMBOL        num
  X:8030H         SYMBOL        arglist
  X:8033H         SYMBOL        i
  -------         DO            
  X:8035H         SYMBOL        arg
  -------         ENDDO         
  -------         ENDDO         
  C:2428H         LINE#         91
  C:2433H         LINE#         92
  C:2447H         LINE#         94
  C:244EH         LINE#         96
  C:245BH         LINE#         97
  C:247AH         LINE#         98
  C:2490H         LINE#         99
  C:24BEH         LINE#         100
  C:24C3H         LINE#         101
  C:24CAH         LINE#         102
  C:24E3H         LINE#         103
  C:24FDH         LINE#         104
  C:2515H         LINE#         105
  C:251DH         LINE#         106
  C:251DH         LINE#         107
  C:252EH         LINE#         109
  -------         ENDPROC       _ORDER_ADD_PARAMS
  -------         ENDMOD        ORDER

  -------         MODULE        ?C?COPY
  C:20FEH         PUBLIC        ?C?COPY
  -------         ENDMOD        ?C?COPY

  -------         MODULE        ?C?CLDPTR
  C:2124H         PUBLIC        ?C?CLDPTR
  -------         ENDMOD        ?C?CLDPTR

  -------         MODULE        ?C?CLDOPTR
  C:213DH         PUBLIC        ?C?CLDOPTR
  -------         ENDMOD        ?C?CLDOPTR

  -------         MODULE        ?C?CILDOPTR
  C:216AH         PUBLIC        ?C?CILDOPTR
  -------         ENDMOD        ?C?CILDOPTR

  -------         MODULE        ?C?CSTPTR
  C:219DH         PUBLIC        ?C?CSTPTR
  -------         ENDMOD        ?C?CSTPTR

  -------         MODULE        ?C?CSTOPTR
  C:21AFH         PUBLIC        ?C?CSTOPTR
  -------         ENDMOD        ?C?CSTOPTR

  -------         MODULE        ?C?SIDIV
  C:21D1H         PUBLIC        ?C?SIDIV
  -------         ENDMOD        ?C?SIDIV

  -------         MODULE        ?C?IILDX
  C:2207H         PUBLIC        ?C?IILDX
  -------         ENDMOD        ?C?IILDX
BL51 BANKED LINKER/LOCATER V6.05                                                      07/23/2009  15:03:51  PAGE 15



  -------         MODULE        ?C?ILDIX
  C:221DH         PUBLIC        ?C?ILDIX
  -------         ENDMOD        ?C?ILDIX

  -------         MODULE        ?C?LLDPTR
  C:2233H         PUBLIC        ?C?LLDPTR
  -------         ENDMOD        ?C?LLDPTR

  -------         MODULE        ?C?LSTXDATA
  C:2253H         PUBLIC        ?C?LSTXDATA
  -------         ENDMOD        ?C?LSTXDATA

  -------         MODULE        ?C?CCASE
  C:225FH         PUBLIC        ?C?CCASE
  -------         ENDMOD        ?C?CCASE

  -------         MODULE        ?C_IBP
  D:0008H         PUBLIC        ?C_IBP
  -------         ENDMOD        ?C_IBP

  -------         MODULE        STRLEN
  C:2CCDH         PUBLIC        _STRLEN
  -------         ENDMOD        STRLEN

  -------         MODULE        ?C?UIDIV
  C:2285H         PUBLIC        ?C?UIDIV
  -------         ENDMOD        ?C?UIDIV

  -------         MODULE        ?C?LLDIDATA
  C:22DAH         PUBLIC        ?C?LLDIDATA
  -------         ENDMOD        ?C?LLDIDATA

  -------         MODULE        ?C?LLDXDATA
  C:22E6H         PUBLIC        ?C?LLDXDATA
  -------         ENDMOD        ?C?LLDXDATA

  -------         MODULE        ?C?LLDPDATA
  C:22F2H         PUBLIC        ?C?LLDPDATA
  -------         ENDMOD        ?C?LLDPDATA

  -------         MODULE        ?C?LLDCODE
  C:22FEH         PUBLIC        ?C?LLDCODE
  -------         ENDMOD        ?C?LLDCODE

*** WARNING L16: UNCALLED SEGMENT, IGNORED FOR OVERLAY PROCESS
    SEGMENT: ?PR?_WAIT_WITH_TIMER?TIMING

*** WARNING L16: UNCALLED SEGMENT, IGNORED FOR OVERLAY PROCESS
    SEGMENT: ?PR?_SERVO_SET_POS?SERVO

*** WARNING L16: UNCALLED SEGMENT, IGNORED FOR OVERLAY PROCESS
    SEGMENT: ?PR?_ORDER_SEND_AND_RECV_CURRENT_ORDER?ORDER

*** WARNING L16: UNCALLED SEGMENT, IGNORED FOR OVERLAY PROCESS
    SEGMENT: ?PR?_ORDER_SEND_AND_RECV?ORDER

BL51 BANKED LINKER/LOCATER V6.05                                                      07/23/2009  15:03:51  PAGE 16


*** WARNING L16: UNCALLED SEGMENT, IGNORED FOR OVERLAY PROCESS
    SEGMENT: ?PR?_ORDER_SET_TYPE?ORDER

*** WARNING L16: UNCALLED SEGMENT, IGNORED FOR OVERLAY PROCESS
    SEGMENT: ?PR?_ORDER_ADD_PARAMS?ORDER

*** WARNING L1: UNRESOLVED EXTERNAL SYMBOL
    SYMBOL:  CONDTIMERSTATUS
    MODULE:  timing.obj (TIMING)

*** WARNING L2: REFERENCE MADE TO UNRESOLVED EXTERNAL
    SYMBOL:  CONDTIMERSTATUS
    MODULE:  timing.obj (TIMING)
    ADDRESS: 2ABCH

*** WARNING L2: REFERENCE MADE TO UNRESOLVED EXTERNAL
    SYMBOL:  CONDTIMERSTATUS
    MODULE:  timing.obj (TIMING)
    ADDRESS: 2C8FH

Program Size: data=10.1 xdata=137 code=3385
LINK/LOCATE RUN COMPLETE.  9 WARNING(S),  0 ERROR(S)
