BL51 BANKED LINKER/LOCATER V6.05                                                        07/31/2009  15:37:33  PAGE 1


BL51 BANKED LINKER/LOCATER V6.05, INVOKED BY:
C:\KEIL\C51\BIN\BL51.EXE Startup.obj, timing.obj, lcd.obj, i2c_master.obj, servo.obj, main.obj, helper.obj, order.obj TO
>>  monitor RAMSIZE (256) CODE (0X2000-0X7FFF) XDATA (0X8000-0XEFFF)


MEMORY MODEL: LARGE


INPUT MODULES INCLUDED:
  Startup.obj (?C_STARTUP)
  timing.obj (TIMING)
  lcd.obj (LCD)
  i2c_master.obj (I2C_MASTER)
  servo.obj (SERVO)
  main.obj (MAIN)
  helper.obj (HELPER)
  order.obj (ORDER)
  C:\KEIL\C51\LIB\C51L.LIB (?C_INIT)
  C:\KEIL\C51\LIB\C51L.LIB (?C?CLDPTR)
  C:\KEIL\C51\LIB\C51L.LIB (?C?CLDOPTR)
  C:\KEIL\C51\LIB\C51L.LIB (?C?CILDOPTR)
  C:\KEIL\C51\LIB\C51L.LIB (?C?CSTPTR)
  C:\KEIL\C51\LIB\C51L.LIB (?C?CSTOPTR)
  C:\KEIL\C51\LIB\C51L.LIB (?C?SIDIV)
  C:\KEIL\C51\LIB\C51L.LIB (?C?IILDX)
  C:\KEIL\C51\LIB\C51L.LIB (?C?ILDIX)
  C:\KEIL\C51\LIB\C51L.LIB (?C?ILDPTR)
  C:\KEIL\C51\LIB\C51L.LIB (?C?CCASE)
  C:\KEIL\C51\LIB\C51L.LIB (?C_IBP)
  C:\KEIL\C51\LIB\C51L.LIB (STRLEN)
  C:\KEIL\C51\LIB\C51L.LIB (?C?UIDIV)


LINK MAP OF MODULE:  monitor (?C_STARTUP)


            TYPE    BASE      LENGTH    RELOCATION   SEGMENT NAME
            -----------------------------------------------------

            * * * * * * *   D A T A   M E M O R Y   * * * * * * *
            REG     0000H     0008H     ABSOLUTE     "REG BANK 0"
            DATA    0008H     0001H     UNIT         ?C?LIB_DATA
                    0009H     0017H                  *** GAP ***
            BIT     0020H.0   0000H.1   UNIT         ?BI?I2C_MASTER
                    0020H.1   0000H.7                *** GAP ***
            IDATA   0021H     0001H     UNIT         ?STACK

            * * * * * * *  X D A T A   M E M O R Y  * * * * * * *
                    0000H     8000H                  *** GAP ***
            XDATA   8000H     0037H     UNIT         ?XD?_ORDER_ADD_PARAMS?ORDER
            XDATA   8037H     001AH     UNIT         _XDATA_GROUP_
            XDATA   8051H     000AH     UNIT         ?XD?MAIN
            XDATA   805BH     0008H     UNIT         ?XD?LCD
            XDATA   8063H     0006H     UNIT         ?XD?I2C_MASTER
            XDATA   8069H     0004H     UNIT         ?XD?TIMING
            XDATA   806DH     0003H     UNIT         ?XD?_ORDER_SEND_AND_RECV_CO?ORDER
            XDATA   8070H     0003H     UNIT         ?XD?_ORDER_SEND_AND_RECV?ORDER

BL51 BANKED LINKER/LOCATER V6.05                                                      07/31/2009  15:37:33  PAGE 2


            * * * * * * *   C O D E   M E M O R Y   * * * * * * *
                    0000H     0023H                  *** GAP ***
            CODE    0023H     0003H     ABSOLUTE     
                    0026H     1FDAH                  *** GAP ***
            CODE    2000H     0003H     ABSOLUTE     
            CODE    2003H     0007H     UNIT         ?PR?LCD_COMM_WAIT?LCD
                    200AH     0001H                  *** GAP ***
            CODE    200BH     0003H     ABSOLUTE     
            CODE    200EH     001DH     UNIT         ?CO?MAIN
            CODE    202BH     0003H     ABSOLUTE     
            CODE    202EH     01B5H     UNIT         ?C?LIB_CODE
            CODE    21E3H     011AH     UNIT         ?PR?_INT2STR?HELPER
            CODE    22FDH     010DH     UNIT         ?PR?_ORDER_ADD_PARAMS?ORDER
            CODE    240AH     00B1H     UNIT         ?PR?_CHECKSTATUS?I2C_MASTER
            CODE    24BBH     0094H     UNIT         ?PR?MAIN?MAIN
            CODE    254FH     008FH     UNIT         ?C_C51STARTUP
            CODE    25DEH     006DH     UNIT         ?PR?_WAIT_MS?TIMING
            CODE    264BH     006BH     UNIT         ?PR?_LCD_PRINT_STRING?LCD
            CODE    26B6H     0069H     UNIT         ?PR?_ORDER_SEND_AND_RECV?ORDER
            CODE    271FH     0062H     UNIT         ?PR?_WAIT_100US?TIMING
            CODE    2781H     0058H     UNIT         ?PR?LCD_INIT?LCD
            CODE    27D9H     0056H     UNIT         ?PR?INT_TIMER0?TIMING
            CODE    282FH     0051H     UNIT         ?PR?_ORDER_INIT?ORDER
            CODE    2880H     004BH     UNIT         ?PR?_ORDER_SEND_AND_RECV_CO?ORDER
            CODE    28CBH     0041H     UNIT         ?PR?_I2C_RECEIVE?I2C_MASTER
            CODE    290CH     003DH     UNIT         ?PR?I2C_INTERRUPT?I2C_MASTER
            CODE    2949H     0036H     UNIT         ?PR?_I2C_SEND?I2C_MASTER
            CODE    297FH     0027H     UNIT         ?PR?_ORDER_SEND?ORDER
            CODE    29A6H     001FH     UNIT         ?PR?USLEEP100?TIMING
            CODE    29C5H     001FH     UNIT         ?C_INITSEG
            CODE    29E4H     0017H     UNIT         ?PR?INIT_TIMER0?TIMING
            CODE    29FBH     0017H     UNIT         ?PR?_WAIT_WITH_TIMER?TIMING
            CODE    2A12H     0016H     UNIT         ?PR?_SERVO_SET_POS?SERVO
            CODE    2A28H     0015H     UNIT         ?PR?_BYTES_TO_RECV?ORDER
            CODE    2A3DH     0015H     UNIT         ?PR?_STRLEN?STRLEN
            CODE    2A52H     0013H     UNIT         ?PR?_LCD_COMMAND?LCD
            CODE    2A65H     0013H     UNIT         ?PR?_LCD_DATA?LCD
            CODE    2A78H     0013H     UNIT         ?PR?I2C_INIT?I2C_MASTER
            CODE    2A8BH     0010H     UNIT         ?PR?LCD_BUSY?LCD
            CODE    2A9BH     000FH     UNIT         ?PR?_ORDER_SET_TYPE?ORDER
            CODE    2AAAH     0005H     UNIT         ?PR?LCD_CLEAR?LCD



OVERLAY MAP OF MODULE:   monitor (?C_STARTUP)


SEGMENT                                     XDATA_GROUP
  +--> CALLED SEGMENT                     START    LENGTH
---------------------------------------------------------
?C_C51STARTUP                             -----    -----
  +--> ?PR?MAIN?MAIN
  +--> ?C_INITSEG

?PR?MAIN?MAIN                             8037H    0011H
  +--> ?PR?I2C_INIT?I2C_MASTER
  +--> ?PR?LCD_INIT?LCD
BL51 BANKED LINKER/LOCATER V6.05                                                      07/31/2009  15:37:33  PAGE 3


  +--> ?CO?MAIN
  +--> ?PR?_LCD_PRINT_STRING?LCD
  +--> ?PR?_WAIT_MS?TIMING
  +--> ?PR?_ORDER_INIT?ORDER
  +--> ?PR?_ORDER_SET_TYPE?ORDER
  +--> ?PR?_ORDER_SEND?ORDER
  +--> ?PR?_I2C_RECEIVE?I2C_MASTER
  +--> ?PR?_INT2STR?HELPER

?PR?LCD_INIT?LCD                          -----    -----
  +--> ?PR?_WAIT_MS?TIMING
  +--> ?PR?_WAIT_100US?TIMING
  +--> ?PR?_LCD_COMMAND?LCD

?PR?_WAIT_MS?TIMING                       8048H    0002H
  +--> ?PR?USLEEP100?TIMING

?PR?_WAIT_100US?TIMING                    8048H    0002H

?PR?_LCD_COMMAND?LCD                      -----    -----
  +--> ?PR?LCD_COMM_WAIT?LCD

?PR?LCD_COMM_WAIT?LCD                     -----    -----
  +--> ?PR?LCD_BUSY?LCD

?PR?_LCD_PRINT_STRING?LCD                 8048H    0006H
  +--> ?PR?LCD_CLEAR?LCD
  +--> ?PR?_LCD_DATA?LCD
  +--> ?PR?_LCD_COMMAND?LCD

?PR?LCD_CLEAR?LCD                         -----    -----
  +--> ?PR?_LCD_COMMAND?LCD

?PR?_LCD_DATA?LCD                         -----    -----
  +--> ?PR?LCD_COMM_WAIT?LCD

?PR?_ORDER_INIT?ORDER                     8048H    0003H

?PR?_ORDER_SEND?ORDER                     8048H    0003H
  +--> ?PR?_I2C_SEND?I2C_MASTER

?PR?_INT2STR?HELPER                       8048H    0009H

*** NEW ROOT ***************************************************

?PR?I2C_INTERRUPT?I2C_MASTER              -----    -----
  +--> ?PR?_CHECKSTATUS?I2C_MASTER



UNRESOLVED EXTERNAL SYMBOLS:
   CONDTIMERSTATUS



SYMBOL TABLE OF MODULE:  monitor (?C_STARTUP)

BL51 BANKED LINKER/LOCATER V6.05                                                      07/31/2009  15:37:33  PAGE 4


  VALUE           TYPE          NAME
  ----------------------------------

  -------         MODULE        ?C_STARTUP
  C:254FH         SEGMENT       ?C_C51STARTUP
  I:0021H         SEGMENT       ?STACK
  C:2000H         PUBLIC        ?C_STARTUP
  N:0001H         SYMBOL        IBPSTACK
  N:0100H         SYMBOL        IBPSTACKTOP
  N:0100H         SYMBOL        IDATALEN
  C:2552H         SYMBOL        IDATALOOP
  N:0000H         SYMBOL        PBPSTACK
  N:0000H         SYMBOL        PBPSTACKTOP
  N:0000H         SYMBOL        PDATALEN
  N:0000H         SYMBOL        PDATASTART
  N:0000H         SYMBOL        PPAGE
  N:0000H         SYMBOL        PPAGEENABLE
  D:0081H         SYMBOL        SP
  C:254FH         SYMBOL        STARTUP1
  N:0000H         SYMBOL        XBPSTACK
  N:0000H         SYMBOL        XBPSTACKTOP
  N:0000H         SYMBOL        XDATALEN
  N:0000H         SYMBOL        XDATASTART
  C:2000H         LINE#         80
  C:254FH         LINE#         87
  C:2551H         LINE#         88
  C:2552H         LINE#         89
  C:2553H         LINE#         90
  C:2555H         LINE#         124
  C:2558H         LINE#         139
  C:255BH         LINE#         140
  -------         ENDMOD        ?C_STARTUP

  -------         MODULE        TIMING
  C:0000H         SYMBOL        _ICE_DUMMY_
  C:27D9H         PUBLIC        int_timer0
  B:00A8H.7       PUBLIC        EA
  C:271FH         PUBLIC        _wait_100us
  X:8069H         PUBLIC        wait_ms_max
  C:29A6H         PUBLIC        usleep100
  D:0089H         PUBLIC        TMOD
  B:00A8H.1       PUBLIC        ET0
  D:008CH         PUBLIC        TH0
  D:008AH         PUBLIC        TL0
  B:0088H.4       PUBLIC        TR0
  C:29FBH         PUBLIC        _wait_with_timer
  X:806BH         PUBLIC        wait_ms_current
  C:29E4H         PUBLIC        init_timer0
  C:25DEH         PUBLIC        _wait_ms
  -------         PROC          INIT_TIMER0
  C:29E4H         LINE#         43
  C:29E4H         LINE#         44
  C:29E6H         LINE#         45
  C:29E8H         LINE#         46
  C:29EAH         LINE#         47
  C:29F2H         LINE#         48
  C:29F5H         LINE#         49
BL51 BANKED LINKER/LOCATER V6.05                                                      07/31/2009  15:37:33  PAGE 5


  C:29F8H         LINE#         50
  C:29FAH         LINE#         51
  -------         ENDPROC       INIT_TIMER0
  -------         PROC          INT_TIMER0
  C:27D9H         LINE#         53
  C:27EAH         LINE#         54
  C:2803H         LINE#         55
  C:2805H         LINE#         56
  C:2807H         LINE#         57
  C:280EH         LINE#         58
  C:2814H         LINE#         60
  C:2816H         LINE#         61
  C:2816H         LINE#         62
  C:2818H         LINE#         63
  C:281BH         LINE#         64
  C:281EH         LINE#         65
  C:2820H         LINE#         66
  C:2820H         LINE#         67
  -------         ENDPROC       INT_TIMER0
  -------         PROC          _WAIT_WITH_TIMER
  D:0006H         SYMBOL        ms
  C:29FBH         LINE#         69
  C:29FBH         LINE#         70
  C:29FEH         LINE#         71
  C:2A04H         LINE#         72
  C:2A0CH         LINE#         73
  C:2A11H         LINE#         74
  -------         ENDPROC       _WAIT_WITH_TIMER
  -------         PROC          USLEEP100
  -------         DO            
  D:0006H         SYMBOL        i
  -------         ENDDO         
  C:29A6H         LINE#         76
  C:29A6H         LINE#         79
  C:29A9H         LINE#         80
  C:29A9H         LINE#         81
  C:29B4H         LINE#         82
  C:29B8H         LINE#         83
  C:29BCH         LINE#         84
  C:29C0H         LINE#         85
  C:29C4H         LINE#         86
  -------         ENDPROC       USLEEP100
  -------         PROC          _WAIT_100US
  D:0007H         SYMBOL        us
  -------         DO            
  X:8048H         SYMBOL        i
  -------         ENDDO         
  C:271FH         LINE#         88
  C:271FH         LINE#         91
  C:2725H         LINE#         92
  C:272CH         LINE#         93
  C:272CH         LINE#         94
  C:2746H         LINE#         95
  C:2754H         LINE#         96
  C:2762H         LINE#         97
  C:2770H         LINE#         98
  C:277EH         LINE#         99
BL51 BANKED LINKER/LOCATER V6.05                                                      07/31/2009  15:37:33  PAGE 6


  C:2780H         LINE#         100
  -------         ENDPROC       _WAIT_100US
  -------         PROC          _WAIT_MS
  D:0004H         SYMBOL        ms
  -------         DO            
  X:8048H         SYMBOL        i
  -------         ENDDO         
  C:25DEH         LINE#         102
  C:25E2H         LINE#         105
  C:25EBH         LINE#         107
  C:25F2H         LINE#         108
  C:2614H         LINE#         109
  C:2635H         LINE#         110
  C:2643H         LINE#         111
  C:264AH         LINE#         112
  -------         ENDPROC       _WAIT_MS
  -------         ENDMOD        TIMING

  -------         MODULE        LCD
  C:0000H         SYMBOL        _ICE_DUMMY_
  X:805BH         PUBLIC        RD_DAT_REG
  X:805DH         PUBLIC        RD_COM_REG
  C:2AAAH         PUBLIC        lcd_clear
  X:805FH         PUBLIC        WR_DAT_REG
  X:8061H         PUBLIC        WR_COM_REG
  C:2A65H         PUBLIC        _lcd_data
  C:264BH         PUBLIC        _lcd_print_string
  C:2781H         PUBLIC        lcd_init
  C:2A8BH         PUBLIC        lcd_busy
  C:2003H         PUBLIC        lcd_comm_wait
  C:2A52H         PUBLIC        _lcd_command
  -------         PROC          LCD_BUSY
  C:2A8BH         LINE#         20
  C:2A8BH         LINE#         21
  C:2A9AH         LINE#         22
  -------         ENDPROC       LCD_BUSY
  -------         PROC          LCD_COMM_WAIT
  C:2003H         LINE#         27
  C:2003H         LINE#         28
  C:2009H         LINE#         29
  -------         ENDPROC       LCD_COMM_WAIT
  -------         PROC          _LCD_COMMAND
  D:0005H         SYMBOL        command
  C:2A52H         LINE#         37
  C:2A54H         LINE#         38
  C:2A57H         LINE#         39
  C:2A64H         LINE#         40
  -------         ENDPROC       _LCD_COMMAND
  -------         PROC          _LCD_DATA
  D:0005H         SYMBOL        c
  C:2A65H         LINE#         48
  C:2A67H         LINE#         49
  C:2A6AH         LINE#         50
  C:2A77H         LINE#         51
  -------         ENDPROC       _LCD_DATA
  -------         PROC          LCD_INIT
  C:2781H         LINE#         56
BL51 BANKED LINKER/LOCATER V6.05                                                      07/31/2009  15:37:33  PAGE 7


  C:2781H         LINE#         57
  C:2788H         LINE#         58
  C:2796H         LINE#         59
  C:279DH         LINE#         60
  C:27ABH         LINE#         61
  C:27B0H         LINE#         62
  C:27BEH         LINE#         63
  C:27C5H         LINE#         65
  C:27CAH         LINE#         66
  C:27CFH         LINE#         67
  C:27D4H         LINE#         68
  -------         ENDPROC       LCD_INIT
  -------         PROC          LCD_CLEAR
  C:2AAAH         LINE#         74
  C:2AAAH         LINE#         75
  -------         ENDPROC       LCD_CLEAR
  -------         PROC          _LCD_PRINT_STRING
  X:8048H         SYMBOL        buffer
  -------         DO            
  X:804BH         SYMBOL        cur
  -------         ENDDO         
  C:264BH         LINE#         124
  C:2656H         LINE#         125
  C:265FH         LINE#         126
  C:2662H         LINE#         127
  C:2673H         LINE#         128
  C:2676H         LINE#         129
  C:2680H         LINE#         130
  C:26A6H         LINE#         131
  C:26A6H         LINE#         132
  C:26A8H         LINE#         133
  C:26AAH         LINE#         134
  C:26AAH         LINE#         135
  C:26ACH         LINE#         136
  C:26AEH         LINE#         137
  C:26AEH         LINE#         138
  C:26B3H         LINE#         139
  C:26B5H         LINE#         140
  C:26B5H         LINE#         141
  C:26B5H         LINE#         142
  -------         ENDPROC       _LCD_PRINT_STRING
  -------         ENDMOD        LCD

  -------         MODULE        I2C_MASTER
  C:0000H         SYMBOL        _ICE_DUMMY_
  B:00A8H.7       PUBLIC        EA
  C:240AH         PUBLIC        _checkStatus
  C:2949H         PUBLIC        _i2c_send
  C:2A78H         PUBLIC        i2c_init
  B:00D8H.6       PUBLIC        ENS1
  X:8063H         PUBLIC        i2cBufIndex
  X:8064H         PUBLIC        i2cBuf
  B:0020H.0       PUBLIC        i2cBusy
  X:8066H         PUBLIC        i2cStartByte
  X:8067H         PUBLIC        i2cBufSize
  C:28CBH         PUBLIC        _i2c_receive
  B:00A8H.5       PUBLIC        ES1
BL51 BANKED LINKER/LOCATER V6.05                                                      07/31/2009  15:37:33  PAGE 8


  C:290CH         PUBLIC        i2c_interrupt
  X:8068H         PUBLIC        i2cAttempts
  B:0090H.7       PUBLIC        SDA
  D:00DBH         PUBLIC        S1ADR
  D:00DAH         PUBLIC        S1DAT
  B:0090H.6       PUBLIC        SCL
  D:00D8H         PUBLIC        S1CON
  B:00D8H.5       PUBLIC        STA
  D:00D9H         PUBLIC        S1STA
  -------         PROC          I2C_INTERRUPT
  -------         DO            
  D:0007H         SYMBOL        i2cStatus
  -------         ENDDO         
  C:290CH         LINE#         50
  C:2929H         LINE#         51
  C:292BH         LINE#         52
  C:292EH         LINE#         53
  -------         ENDPROC       I2C_INTERRUPT
  -------         PROC          _CHECKSTATUS
  D:0007H         SYMBOL        i2cStatus
  C:240AH         LINE#         57
  C:240AH         LINE#         58
  C:242DH         LINE#         59
  C:242DH         LINE#         60
  C:242DH         LINE#         64
  C:242DH         LINE#         68
  C:2430H         LINE#         69
  C:2430H         LINE#         70
  C:2432H         LINE#         72
  C:2432H         LINE#         76
  C:2432H         LINE#         80
  C:2438H         LINE#         81
  C:2445H         LINE#         82
  C:2445H         LINE#         84
  C:2445H         LINE#         85
  C:2445H         LINE#         86
  C:2447H         LINE#         88
  C:2447H         LINE#         90
  C:2458H         LINE#         91
  C:2458H         LINE#         92
  C:2458H         LINE#         93
  C:245AH         LINE#         95
  C:245AH         LINE#         99
  C:245AH         LINE#         103
  C:2463H         LINE#         104
  C:2463H         LINE#         105
  C:2466H         LINE#         106
  C:2469H         LINE#         107
  C:246AH         LINE#         109
  C:246AH         LINE#         110
  C:246AH         LINE#         111
  C:246AH         LINE#         112
  C:246AH         LINE#         113
  C:246CH         LINE#         115
  C:246CH         LINE#         119
  C:2480H         LINE#         120
  C:2480H         LINE#         124
BL51 BANKED LINKER/LOCATER V6.05                                                      07/31/2009  15:37:33  PAGE 9


  C:2486H         LINE#         126
  C:2493H         LINE#         127
  C:2493H         LINE#         128
  C:2496H         LINE#         129
  C:2497H         LINE#         131
  C:2497H         LINE#         132
  C:249AH         LINE#         133
  C:249AH         LINE#         134
  C:249BH         LINE#         136
  C:249BH         LINE#         140
  C:24AFH         LINE#         141
  C:24B5H         LINE#         142
  C:24B5H         LINE#         144
  C:24B8H         LINE#         145
  C:24BAH         LINE#         146
  C:24BAH         LINE#         147
  C:24BAH         LINE#         148
  -------         ENDPROC       _CHECKSTATUS
  -------         PROC          _I2C_SEND
  D:0001H         SYMBOL        buffer
  D:0005H         SYMBOL        size
  C:2949H         LINE#         156
  C:2949H         LINE#         157
  C:2949H         LINE#         158
  C:2953H         LINE#         159
  C:2958H         LINE#         160
  C:295BH         LINE#         162
  C:296DH         LINE#         164
  C:296FH         LINE#         165
  C:2971H         LINE#         166
  C:2976H         LINE#         168
  C:2979H         LINE#         169
  C:297EH         LINE#         170
  -------         ENDPROC       _I2C_SEND
  -------         PROC          _I2C_RECEIVE
  D:0001H         SYMBOL        buffer
  D:0005H         SYMBOL        size
  C:28CBH         LINE#         178
  C:28CBH         LINE#         179
  C:28CBH         LINE#         180
  C:28D4H         LINE#         182
  C:28DEH         LINE#         183
  C:28E3H         LINE#         184
  C:28E6H         LINE#         186
  C:28FAH         LINE#         187
  C:28FCH         LINE#         188
  C:28FEH         LINE#         189
  C:2903H         LINE#         191
  C:2906H         LINE#         192
  C:290BH         LINE#         193
  -------         ENDPROC       _I2C_RECEIVE
  -------         PROC          I2C_INIT
  C:2A78H         LINE#         197
  C:2A78H         LINE#         198
  C:2A78H         LINE#         199
  C:2A7AH         LINE#         200
  C:2A7DH         LINE#         202
BL51 BANKED LINKER/LOCATER V6.05                                                      07/31/2009  15:37:33  PAGE 10


  C:2A80H         LINE#         204
  C:2A82H         LINE#         205
  C:2A84H         LINE#         207
  C:2A86H         LINE#         208
  C:2A88H         LINE#         209
  C:2A8AH         LINE#         210
  -------         ENDPROC       I2C_INIT
  -------         ENDMOD        I2C_MASTER

  -------         MODULE        SERVO
  C:0000H         SYMBOL        _ICE_DUMMY_
  C:2A12H         PUBLIC        _servo_set_pos
  D:00FDH         PUBLIC        PWM1
  D:00FEH         PUBLIC        PWMP
  -------         PROC          _SERVO_SET_POS
  D:0007H         SYMBOL        pos
  C:2A12H         LINE#         14
  C:2A12H         LINE#         15
  C:2A18H         LINE#         16
  C:2A1AH         LINE#         17
  C:2A1AH         LINE#         18
  C:2A1DH         LINE#         19
  C:2A27H         LINE#         20
  -------         ENDPROC       _SERVO_SET_POS
  -------         ENDMOD        SERVO

  -------         MODULE        MAIN
  C:0000H         SYMBOL        _ICE_DUMMY_
  C:0023H         PUBLIC        reserve
  C:24BBH         PUBLIC        main
  X:8051H         PUBLIC        buf
  -------         PROC          MAIN
  -------         DO            
  X:8037H         SYMBOL        send
  X:8038H         SYMBOL        order
  -------         ENDDO         
  C:24BBH         LINE#         63
  C:24BBH         LINE#         65
  C:24C0H         LINE#         71
  C:24C3H         LINE#         72
  C:24C6H         LINE#         73
  C:24CFH         LINE#         74
  C:24D6H         LINE#         75
  C:24DFH         LINE#         77
  C:24DFH         LINE#         78
  C:24E8H         LINE#         93
  C:24F3H         LINE#         95
  C:2501H         LINE#         96
  C:250AH         LINE#         97
  C:2511H         LINE#         98
  C:2521H         LINE#         105
  C:252DH         LINE#         106
  C:2536H         LINE#         107
  C:253DH         LINE#         108
  C:2546H         LINE#         111
  C:254DH         LINE#         112
  -------         ENDPROC       MAIN
BL51 BANKED LINKER/LOCATER V6.05                                                      07/31/2009  15:37:33  PAGE 11


  -------         ENDMOD        MAIN

  -------         MODULE        HELPER
  C:0000H         SYMBOL        _ICE_DUMMY_
  C:21E3H         PUBLIC        _int2str
  -------         PROC          _INT2STR
  X:8048H         SYMBOL        str
  X:804BH         SYMBOL        i
  -------         DO            
  X:804DH         SYMBOL        a
  X:804FH         SYMBOL        j
  X:8050H         SYMBOL        n
  -------         ENDDO         
  C:21E3H         LINE#         3
  C:21F4H         LINE#         7
  C:21FCH         LINE#         8
  C:2211H         LINE#         9
  C:2226H         LINE#         10
  C:2226H         LINE#         12
  C:2233H         LINE#         13
  C:2239H         LINE#         14
  C:2253H         LINE#         15
  C:225DH         LINE#         17
  C:226AH         LINE#         18
  C:227BH         LINE#         19
  C:2292H         LINE#         20
  C:22C6H         LINE#         21
  C:22DDH         LINE#         22
  C:22E5H         LINE#         23
  -------         ENDPROC       _INT2STR
  -------         ENDMOD        HELPER

  -------         MODULE        ORDER
  C:0000H         SYMBOL        _ICE_DUMMY_
  C:2A28H         PUBLIC        _bytes_to_recv
  C:2880H         PUBLIC        _order_send_and_recv_co
  C:22FDH         PUBLIC        _order_add_params
  C:297FH         PUBLIC        _order_send
  C:2837H         PUBLIC        _order_init
  C:26B6H         PUBLIC        _order_send_and_recv
  C:2A9BH         PUBLIC        _order_set_type
  -------         PROC          L?0025
  -------         ENDPROC       L?0025
  -------         PROC          _ORDER_INIT
  X:8048H         SYMBOL        order
  -------         DO            
  D:0007H         SYMBOL        i
  -------         ENDDO         
  C:2837H         LINE#         6
  C:2842H         LINE#         8
  C:2844H         LINE#         11
  C:2844H         LINE#         12
  C:2858H         LINE#         13
  C:285DH         LINE#         15
  C:286DH         LINE#         16
  -------         ENDPROC       _ORDER_INIT
  -------         PROC          _ORDER_SEND
BL51 BANKED LINKER/LOCATER V6.05                                                      07/31/2009  15:37:33  PAGE 12


  X:8048H         SYMBOL        order
  C:297FH         LINE#         19
  C:298AH         LINE#         20
  C:29A5H         LINE#         21
  -------         ENDPROC       _ORDER_SEND
  -------         PROC          _ORDER_SEND_AND_RECV_CO
  X:806DH         SYMBOL        order
  C:2880H         LINE#         23
  C:288BH         LINE#         24
  C:2899H         LINE#         25
  C:289FH         LINE#         26
  C:28AFH         LINE#         27
  C:28CAH         LINE#         28
  -------         ENDPROC       _ORDER_SEND_AND_RECV_CO
  -------         PROC          _BYTES_TO_RECV
  D:0001H         SYMBOL        order
  C:2A28H         LINE#         30
  C:2A28H         LINE#         31
  C:2A37H         LINE#         32
  C:2A37H         LINE#         33
  C:2A37H         LINE#         34
  C:2A37H         LINE#         35
  C:2A3AH         LINE#         36
  C:2A3AH         LINE#         37
  C:2A3CH         LINE#         38
  C:2A3CH         LINE#         39
  -------         ENDPROC       _BYTES_TO_RECV
  -------         PROC          _ORDER_SEND_AND_RECV
  X:8070H         SYMBOL        order
  C:26B6H         LINE#         41
  C:26C1H         LINE#         42
  C:26D5H         LINE#         43
  C:26D8H         LINE#         44
  C:26F9H         LINE#         45
  C:26FFH         LINE#         46
  C:271EH         LINE#         47
  -------         ENDPROC       _ORDER_SEND_AND_RECV
  -------         PROC          _ORDER_SET_TYPE
  D:0001H         SYMBOL        order
  D:0005H         SYMBOL        type
  C:2A9BH         LINE#         49
  C:2A9BH         LINE#         50
  C:2AA2H         LINE#         51
  -------         ENDPROC       _ORDER_SET_TYPE
  -------         PROC          _ORDER_ADD_PARAMS
  X:8000H         SYMBOL        order
  X:8003H         SYMBOL        format
  -------         DO            
  X:8006H         SYMBOL        ellipsis_40
  X:802EH         SYMBOL        num
  X:8030H         SYMBOL        arglist
  X:8033H         SYMBOL        i
  -------         DO            
  X:8035H         SYMBOL        arg
  -------         ENDDO         
  -------         ENDDO         
  C:22FDH         LINE#         54
BL51 BANKED LINKER/LOCATER V6.05                                                      07/31/2009  15:37:33  PAGE 13


  C:2308H         LINE#         55
  C:231CH         LINE#         57
  C:2323H         LINE#         59
  C:2330H         LINE#         60
  C:234FH         LINE#         61
  C:2365H         LINE#         62
  C:2393H         LINE#         63
  C:2398H         LINE#         64
  C:239FH         LINE#         65
  C:23BCH         LINE#         66
  C:23E0H         LINE#         67
  C:23F0H         LINE#         68
  C:23F8H         LINE#         69
  C:23F8H         LINE#         70
  C:2409H         LINE#         72
  -------         ENDPROC       _ORDER_ADD_PARAMS
  -------         ENDMOD        ORDER

  -------         MODULE        ?C?CLDPTR
  C:202EH         PUBLIC        ?C?CLDPTR
  -------         ENDMOD        ?C?CLDPTR

  -------         MODULE        ?C?CLDOPTR
  C:2047H         PUBLIC        ?C?CLDOPTR
  -------         ENDMOD        ?C?CLDOPTR

  -------         MODULE        ?C?CILDOPTR
  C:2074H         PUBLIC        ?C?CILDOPTR
  -------         ENDMOD        ?C?CILDOPTR

  -------         MODULE        ?C?CSTPTR
  C:20A7H         PUBLIC        ?C?CSTPTR
  -------         ENDMOD        ?C?CSTPTR

  -------         MODULE        ?C?CSTOPTR
  C:20B9H         PUBLIC        ?C?CSTOPTR
  -------         ENDMOD        ?C?CSTOPTR

  -------         MODULE        ?C?SIDIV
  C:20DBH         PUBLIC        ?C?SIDIV
  -------         ENDMOD        ?C?SIDIV

  -------         MODULE        ?C?IILDX
  C:2111H         PUBLIC        ?C?IILDX
  -------         ENDMOD        ?C?IILDX

  -------         MODULE        ?C?ILDIX
  C:2127H         PUBLIC        ?C?ILDIX
  -------         ENDMOD        ?C?ILDIX

  -------         MODULE        ?C?ILDPTR
  C:213DH         PUBLIC        ?C?ILDPTR
  -------         ENDMOD        ?C?ILDPTR

  -------         MODULE        ?C?CCASE
  C:2168H         PUBLIC        ?C?CCASE
  -------         ENDMOD        ?C?CCASE
BL51 BANKED LINKER/LOCATER V6.05                                                      07/31/2009  15:37:33  PAGE 14



  -------         MODULE        ?C_IBP
  D:0008H         PUBLIC        ?C_IBP
  -------         ENDMOD        ?C_IBP

  -------         MODULE        STRLEN
  C:2A3DH         PUBLIC        _STRLEN
  -------         ENDMOD        STRLEN

  -------         MODULE        ?C?UIDIV
  C:218EH         PUBLIC        ?C?UIDIV
  -------         ENDMOD        ?C?UIDIV

*** WARNING L16: UNCALLED SEGMENT, IGNORED FOR OVERLAY PROCESS
    SEGMENT: ?PR?_WAIT_WITH_TIMER?TIMING

*** WARNING L16: UNCALLED SEGMENT, IGNORED FOR OVERLAY PROCESS
    SEGMENT: ?PR?_SERVO_SET_POS?SERVO

*** WARNING L16: UNCALLED SEGMENT, IGNORED FOR OVERLAY PROCESS
    SEGMENT: ?PR?_ORDER_SEND_AND_RECV_CO?ORDER

*** WARNING L16: UNCALLED SEGMENT, IGNORED FOR OVERLAY PROCESS
    SEGMENT: ?PR?_ORDER_SEND_AND_RECV?ORDER

*** WARNING L16: UNCALLED SEGMENT, IGNORED FOR OVERLAY PROCESS
    SEGMENT: ?PR?_ORDER_ADD_PARAMS?ORDER

*** WARNING L1: UNRESOLVED EXTERNAL SYMBOL
    SYMBOL:  CONDTIMERSTATUS
    MODULE:  timing.obj (TIMING)

*** WARNING L2: REFERENCE MADE TO UNRESOLVED EXTERNAL
    SYMBOL:  CONDTIMERSTATUS
    MODULE:  timing.obj (TIMING)
    ADDRESS: 280FH

*** WARNING L2: REFERENCE MADE TO UNRESOLVED EXTERNAL
    SYMBOL:  CONDTIMERSTATUS
    MODULE:  timing.obj (TIMING)
    ADDRESS: 29FFH

Program Size: data=10.1 xdata=115 code=2737
LINK/LOCATE RUN COMPLETE.  8 WARNING(S),  0 ERROR(S)
