BL51 BANKED LINKER/LOCATER V6.15                                                        10/08/2009  12:46:40  PAGE 1


BL51 BANKED LINKER/LOCATER V6.15, INVOKED BY:
C:\KEIL\C51\BIN\BL51.EXE Startup.obj, timing.obj, lcd.obj, i2c_master.obj, servo.obj, main.obj, helper.obj, order.obj TO
>>  monitor RAMSIZE (256) CODE (0X2000-0X7FFF) XDATA (0X8000-0XEFFF)


MEMORY MODEL: LARGE


INPUT MODULES INCLUDED:
  Startup.obj (?C_STARTUP)
  timing.obj (TIMING)
  lcd.obj (LCD)
  i2c_master.obj (I2C_MASTER)
  servo.obj (SERVO)
  main.obj (MAIN)
  helper.obj (HELPER)
  order.obj (ORDER)
  C:\KEIL\C51\LIB\C51L.LIB (?C_INIT)
  C:\KEIL\C51\LIB\C51L.LIB (?C?CLDPTR)
  C:\KEIL\C51\LIB\C51L.LIB (?C?CLDOPTR)
  C:\KEIL\C51\LIB\C51L.LIB (?C?CILDOPTR)
  C:\KEIL\C51\LIB\C51L.LIB (?C?CSTPTR)
  C:\KEIL\C51\LIB\C51L.LIB (?C?CSTOPTR)
  C:\KEIL\C51\LIB\C51L.LIB (?C?SIDIV)
  C:\KEIL\C51\LIB\C51L.LIB (?C?IILDX)
  C:\KEIL\C51\LIB\C51L.LIB (?C?ILDIX)
  C:\KEIL\C51\LIB\C51L.LIB (?C?ILDPTR)
  C:\KEIL\C51\LIB\C51L.LIB (?C?CCASE)
  C:\KEIL\C51\LIB\C51L.LIB (?C_IBP)
  C:\KEIL\C51\LIB\C51L.LIB (STRLEN)
  C:\KEIL\C51\LIB\C51L.LIB (?C?UIDIV)


LINK MAP OF MODULE:  monitor (?C_STARTUP)


            TYPE    BASE      LENGTH    RELOCATION   SEGMENT NAME
            -----------------------------------------------------

            * * * * * * *   D A T A   M E M O R Y   * * * * * * *
            REG     0000H     0008H     ABSOLUTE     "REG BANK 0"
            DATA    0008H     0001H     UNIT         ?C?LIB_DATA
                    0009H     0017H                  *** GAP ***
            BIT     0020H.0   0000H.1   UNIT         ?BI?I2C_MASTER
                    0020H.1   0000H.7                *** GAP ***
            IDATA   0021H     0001H     UNIT         ?STACK

            * * * * * * *  X D A T A   M E M O R Y  * * * * * * *
                    0000H     8000H                  *** GAP ***
            XDATA   8000H     0048H     UNIT         _XDATA_GROUP_
            XDATA   8048H     000AH     UNIT         ?XD?MAIN
            XDATA   8052H     0008H     UNIT         ?XD?LCD
            XDATA   805AH     0006H     UNIT         ?XD?I2C_MASTER
            XDATA   8060H     0004H     UNIT         ?XD?TIMING

            * * * * * * *   C O D E   M E M O R Y   * * * * * * *
                    0000H     0023H                  *** GAP ***
            CODE    0023H     0003H     ABSOLUTE     
BL51 BANKED LINKER/LOCATER V6.15                                                      10/08/2009  12:46:40  PAGE 2


                    0026H     1FDAH                  *** GAP ***
            CODE    2000H     0003H     ABSOLUTE     
            CODE    2003H     0007H     UNIT         ?PR?LCD_COMM_WAIT?LCD
                    200AH     0001H                  *** GAP ***
            CODE    200BH     0003H     ABSOLUTE     
            CODE    200EH     0017H     UNIT         ?PR?INIT_TIMER0?TIMING
            CODE    2025H     0005H     UNIT         ?PR?LCD_CLEAR?LCD
                    202AH     0001H                  *** GAP ***
            CODE    202BH     0003H     ABSOLUTE     
            CODE    202EH     01B5H     UNIT         ?C?LIB_CODE
            CODE    21E3H     011AH     UNIT         ?PR?_INT2STR?HELPER
            CODE    22FDH     010DH     UNIT         ?PR?_ORDER_ADD_PARAMS?ORDER
            CODE    240AH     00B3H     UNIT         ?PR?MAIN?MAIN
            CODE    24BDH     00B1H     UNIT         ?PR?_CHECKSTATUS?I2C_MASTER
            CODE    256EH     008FH     UNIT         ?C_C51STARTUP
            CODE    25FDH     006DH     UNIT         ?PR?_WAIT_MS?TIMING
            CODE    266AH     006BH     UNIT         ?PR?_LCD_PRINT_STRING?LCD
            CODE    26D5H     0062H     UNIT         ?PR?_WAIT_100US?TIMING
            CODE    2737H     0058H     UNIT         ?PR?LCD_INIT?LCD
            CODE    278FH     0056H     UNIT         ?PR?INT_TIMER0?TIMING
            CODE    27E5H     0049H     UNIT         ?PR?_ORDER_INIT?ORDER
            CODE    282EH     0041H     UNIT         ?PR?_I2C_RECEIVE?I2C_MASTER
            CODE    286FH     003DH     UNIT         ?PR?I2C_INTERRUPT?I2C_MASTER
            CODE    28ACH     0036H     UNIT         ?PR?_I2C_SEND?I2C_MASTER
            CODE    28E2H     0027H     UNIT         ?PR?_ORDER_SEND?ORDER
            CODE    2909H     0022H     UNIT         ?CO?MAIN
            CODE    292BH     001FH     UNIT         ?PR?USLEEP100?TIMING
            CODE    294AH     001FH     UNIT         ?C_INITSEG
            CODE    2969H     0017H     UNIT         ?PR?_WAIT_WITH_TIMER?TIMING
            CODE    2980H     0016H     UNIT         ?PR?_SERVO_SET_POS?SERVO
            CODE    2996H     0015H     UNIT         ?PR?_ORDER_BYTES_TO_RECV?ORDER
            CODE    29ABH     0015H     UNIT         ?PR?_STRLEN?STRLEN
            CODE    29C0H     0013H     UNIT         ?PR?_LCD_COMMAND?LCD
            CODE    29D3H     0013H     UNIT         ?PR?_LCD_DATA?LCD
            CODE    29E6H     0013H     UNIT         ?PR?I2C_INIT?I2C_MASTER
            CODE    29F9H     0010H     UNIT         ?PR?LCD_BUSY?LCD
            CODE    2A09H     000FH     UNIT         ?PR?_ORDER_SET_TYPE?ORDER



OVERLAY MAP OF MODULE:   monitor (?C_STARTUP)


SEGMENT                                  XDATA_GROUP
  +--> CALLED SEGMENT                  START    LENGTH
------------------------------------------------------
?C_C51STARTUP                          -----    -----
  +--> ?PR?MAIN?MAIN
  +--> ?C_INITSEG

?PR?MAIN?MAIN                          8000H    0011H
  +--> ?PR?I2C_INIT?I2C_MASTER
  +--> ?PR?LCD_INIT?LCD
  +--> ?CO?MAIN
  +--> ?PR?_LCD_PRINT_STRING?LCD
  +--> ?PR?_WAIT_MS?TIMING
  +--> ?PR?_ORDER_INIT?ORDER
BL51 BANKED LINKER/LOCATER V6.15                                                      10/08/2009  12:46:40  PAGE 3


  +--> ?PR?_ORDER_SET_TYPE?ORDER
  +--> ?PR?_ORDER_ADD_PARAMS?ORDER
  +--> ?PR?_ORDER_SEND?ORDER
  +--> ?PR?_INT2STR?HELPER

?PR?LCD_INIT?LCD                       -----    -----
  +--> ?PR?_WAIT_MS?TIMING
  +--> ?PR?_WAIT_100US?TIMING
  +--> ?PR?_LCD_COMMAND?LCD

?PR?_WAIT_MS?TIMING                    8011H    0002H
  +--> ?PR?USLEEP100?TIMING

?PR?_WAIT_100US?TIMING                 8011H    0002H

?PR?_LCD_COMMAND?LCD                   -----    -----
  +--> ?PR?LCD_COMM_WAIT?LCD

?PR?LCD_COMM_WAIT?LCD                  -----    -----
  +--> ?PR?LCD_BUSY?LCD

?PR?_LCD_PRINT_STRING?LCD              8011H    0006H
  +--> ?PR?LCD_CLEAR?LCD
  +--> ?PR?_LCD_DATA?LCD
  +--> ?PR?_LCD_COMMAND?LCD

?PR?LCD_CLEAR?LCD                      -----    -----
  +--> ?PR?_LCD_COMMAND?LCD

?PR?_LCD_DATA?LCD                      -----    -----
  +--> ?PR?LCD_COMM_WAIT?LCD

?PR?_ORDER_INIT?ORDER                  8011H    0003H

?PR?_ORDER_ADD_PARAMS?ORDER            8011H    0037H
  +--> ?PR?_STRLEN?STRLEN

?PR?_ORDER_SEND?ORDER                  8011H    0003H
  +--> ?PR?_I2C_SEND?I2C_MASTER

?PR?_INT2STR?HELPER                    8011H    0009H

*** NEW ROOT ***************************************************

?PR?I2C_INTERRUPT?I2C_MASTER           -----    -----
  +--> ?PR?_CHECKSTATUS?I2C_MASTER



UNRESOLVED EXTERNAL SYMBOLS:
   CONDTIMERSTATUS



SYMBOL TABLE OF MODULE:  monitor (?C_STARTUP)

  VALUE           TYPE          NAME
BL51 BANKED LINKER/LOCATER V6.15                                                      10/08/2009  12:46:40  PAGE 4


  ----------------------------------

  -------         MODULE        ?C_STARTUP
  C:256EH         SEGMENT       ?C_C51STARTUP
  I:0021H         SEGMENT       ?STACK
  C:2000H         PUBLIC        ?C_STARTUP
  N:0001H         SYMBOL        IBPSTACK
  N:0100H         SYMBOL        IBPSTACKTOP
  N:0100H         SYMBOL        IDATALEN
  C:2571H         SYMBOL        IDATALOOP
  N:0000H         SYMBOL        PBPSTACK
  N:0000H         SYMBOL        PBPSTACKTOP
  N:0000H         SYMBOL        PDATALEN
  N:0000H         SYMBOL        PDATASTART
  N:0000H         SYMBOL        PPAGE
  N:0000H         SYMBOL        PPAGEENABLE
  D:0081H         SYMBOL        SP
  C:256EH         SYMBOL        STARTUP1
  N:0000H         SYMBOL        XBPSTACK
  N:0000H         SYMBOL        XBPSTACKTOP
  N:0000H         SYMBOL        XDATALEN
  N:0000H         SYMBOL        XDATASTART
  C:2000H         LINE#         80
  C:256EH         LINE#         87
  C:2570H         LINE#         88
  C:2571H         LINE#         89
  C:2572H         LINE#         90
  C:2574H         LINE#         124
  C:2577H         LINE#         139
  C:257AH         LINE#         140
  -------         ENDMOD        ?C_STARTUP

  -------         MODULE        TIMING
  C:0000H         SYMBOL        _ICE_DUMMY_
  C:278FH         PUBLIC        int_timer0
  B:00A8H.7       PUBLIC        EA
  C:26D5H         PUBLIC        _wait_100us
  X:8060H         PUBLIC        wait_ms_max
  C:292BH         PUBLIC        usleep100
  D:0089H         PUBLIC        TMOD
  B:00A8H.1       PUBLIC        ET0
  D:008CH         PUBLIC        TH0
  D:008AH         PUBLIC        TL0
  B:0088H.4       PUBLIC        TR0
  C:2969H         PUBLIC        _wait_with_timer
  X:8062H         PUBLIC        wait_ms_current
  C:200EH         PUBLIC        init_timer0
  C:25FDH         PUBLIC        _wait_ms
  -------         PROC          INIT_TIMER0
  C:200EH         LINE#         43
  C:200EH         LINE#         44
  C:2010H         LINE#         45
  C:2012H         LINE#         46
  C:2014H         LINE#         47
  C:201CH         LINE#         48
  C:201FH         LINE#         49
  C:2022H         LINE#         50
BL51 BANKED LINKER/LOCATER V6.15                                                      10/08/2009  12:46:40  PAGE 5


  C:2024H         LINE#         51
  -------         ENDPROC       INIT_TIMER0
  -------         PROC          INT_TIMER0
  C:278FH         LINE#         53
  C:27A0H         LINE#         54
  C:27B9H         LINE#         55
  C:27BBH         LINE#         56
  C:27BDH         LINE#         57
  C:27C4H         LINE#         58
  C:27CAH         LINE#         60
  C:27CCH         LINE#         61
  C:27CCH         LINE#         62
  C:27CEH         LINE#         63
  C:27D1H         LINE#         64
  C:27D4H         LINE#         65
  C:27D6H         LINE#         66
  C:27D6H         LINE#         67
  -------         ENDPROC       INT_TIMER0
  -------         PROC          _WAIT_WITH_TIMER
  D:0006H         SYMBOL        ms
  C:2969H         LINE#         69
  C:2969H         LINE#         70
  C:296CH         LINE#         71
  C:2972H         LINE#         72
  C:297AH         LINE#         73
  C:297FH         LINE#         74
  -------         ENDPROC       _WAIT_WITH_TIMER
  -------         PROC          USLEEP100
  -------         DO            
  D:0006H         SYMBOL        i
  -------         ENDDO         
  C:292BH         LINE#         76
  C:292BH         LINE#         79
  C:292EH         LINE#         80
  C:292EH         LINE#         81
  C:2939H         LINE#         82
  C:293DH         LINE#         83
  C:2941H         LINE#         84
  C:2945H         LINE#         85
  C:2949H         LINE#         86
  -------         ENDPROC       USLEEP100
  -------         PROC          _WAIT_100US
  D:0007H         SYMBOL        us
  -------         DO            
  X:8011H         SYMBOL        i
  -------         ENDDO         
  C:26D5H         LINE#         88
  C:26D5H         LINE#         91
  C:26DBH         LINE#         92
  C:26E2H         LINE#         93
  C:26E2H         LINE#         94
  C:26FCH         LINE#         95
  C:270AH         LINE#         96
  C:2718H         LINE#         97
  C:2726H         LINE#         98
  C:2734H         LINE#         99
  C:2736H         LINE#         100
BL51 BANKED LINKER/LOCATER V6.15                                                      10/08/2009  12:46:40  PAGE 6


  -------         ENDPROC       _WAIT_100US
  -------         PROC          _WAIT_MS
  D:0004H         SYMBOL        ms
  -------         DO            
  X:8011H         SYMBOL        i
  -------         ENDDO         
  C:25FDH         LINE#         102
  C:2601H         LINE#         105
  C:260AH         LINE#         107
  C:2611H         LINE#         108
  C:2633H         LINE#         109
  C:2654H         LINE#         110
  C:2662H         LINE#         111
  C:2669H         LINE#         112
  -------         ENDPROC       _WAIT_MS
  -------         ENDMOD        TIMING

  -------         MODULE        LCD
  C:0000H         SYMBOL        _ICE_DUMMY_
  X:8052H         PUBLIC        RD_DAT_REG
  X:8054H         PUBLIC        RD_COM_REG
  C:2025H         PUBLIC        lcd_clear
  X:8056H         PUBLIC        WR_DAT_REG
  X:8058H         PUBLIC        WR_COM_REG
  C:29D3H         PUBLIC        _lcd_data
  C:266AH         PUBLIC        _lcd_print_string
  C:2737H         PUBLIC        lcd_init
  C:29F9H         PUBLIC        lcd_busy
  C:2003H         PUBLIC        lcd_comm_wait
  C:29C0H         PUBLIC        _lcd_command
  -------         PROC          LCD_BUSY
  C:29F9H         LINE#         20
  C:29F9H         LINE#         21
  C:2A08H         LINE#         22
  -------         ENDPROC       LCD_BUSY
  -------         PROC          LCD_COMM_WAIT
  C:2003H         LINE#         27
  C:2003H         LINE#         28
  C:2009H         LINE#         29
  -------         ENDPROC       LCD_COMM_WAIT
  -------         PROC          _LCD_COMMAND
  D:0005H         SYMBOL        command
  C:29C0H         LINE#         37
  C:29C2H         LINE#         38
  C:29C5H         LINE#         39
  C:29D2H         LINE#         40
  -------         ENDPROC       _LCD_COMMAND
  -------         PROC          _LCD_DATA
  D:0005H         SYMBOL        c
  C:29D3H         LINE#         48
  C:29D5H         LINE#         49
  C:29D8H         LINE#         50
  C:29E5H         LINE#         51
  -------         ENDPROC       _LCD_DATA
  -------         PROC          LCD_INIT
  C:2737H         LINE#         56
  C:2737H         LINE#         57
BL51 BANKED LINKER/LOCATER V6.15                                                      10/08/2009  12:46:40  PAGE 7


  C:273EH         LINE#         58
  C:274CH         LINE#         59
  C:2753H         LINE#         60
  C:2761H         LINE#         61
  C:2766H         LINE#         62
  C:2774H         LINE#         63
  C:277BH         LINE#         65
  C:2780H         LINE#         66
  C:2785H         LINE#         67
  C:278AH         LINE#         68
  -------         ENDPROC       LCD_INIT
  -------         PROC          LCD_CLEAR
  C:2025H         LINE#         74
  C:2025H         LINE#         75
  -------         ENDPROC       LCD_CLEAR
  -------         PROC          _LCD_PRINT_STRING
  X:8011H         SYMBOL        buffer
  -------         DO            
  X:8014H         SYMBOL        cur
  -------         ENDDO         
  C:266AH         LINE#         124
  C:2675H         LINE#         125
  C:267EH         LINE#         126
  C:2681H         LINE#         127
  C:2692H         LINE#         128
  C:2695H         LINE#         129
  C:269FH         LINE#         130
  C:26C5H         LINE#         131
  C:26C5H         LINE#         132
  C:26C7H         LINE#         133
  C:26C9H         LINE#         134
  C:26C9H         LINE#         135
  C:26CBH         LINE#         136
  C:26CDH         LINE#         137
  C:26CDH         LINE#         138
  C:26D2H         LINE#         139
  C:26D4H         LINE#         140
  C:26D4H         LINE#         141
  C:26D4H         LINE#         142
  -------         ENDPROC       _LCD_PRINT_STRING
  -------         ENDMOD        LCD

  -------         MODULE        I2C_MASTER
  C:0000H         SYMBOL        _ICE_DUMMY_
  B:00A8H.7       PUBLIC        EA
  C:24BDH         PUBLIC        _checkStatus
  C:28ACH         PUBLIC        _i2c_send
  C:29E6H         PUBLIC        i2c_init
  B:00D8H.6       PUBLIC        ENS1
  X:805AH         PUBLIC        i2cBufIndex
  X:805BH         PUBLIC        i2cBuf
  B:0020H.0       PUBLIC        i2cBusy
  X:805DH         PUBLIC        i2cStartByte
  X:805EH         PUBLIC        i2cBufSize
  C:282EH         PUBLIC        _i2c_receive
  B:00A8H.5       PUBLIC        ES1
  C:286FH         PUBLIC        i2c_interrupt
BL51 BANKED LINKER/LOCATER V6.15                                                      10/08/2009  12:46:40  PAGE 8


  X:805FH         PUBLIC        i2cAttempts
  B:0090H.7       PUBLIC        SDA
  D:00DBH         PUBLIC        S1ADR
  D:00DAH         PUBLIC        S1DAT
  B:0090H.6       PUBLIC        SCL
  D:00D8H         PUBLIC        S1CON
  B:00D8H.5       PUBLIC        STA
  D:00D9H         PUBLIC        S1STA
  -------         PROC          I2C_INTERRUPT
  -------         DO            
  D:0007H         SYMBOL        i2cStatus
  -------         ENDDO         
  C:286FH         LINE#         50
  C:288CH         LINE#         51
  C:288EH         LINE#         52
  C:2891H         LINE#         53
  -------         ENDPROC       I2C_INTERRUPT
  -------         PROC          _CHECKSTATUS
  D:0007H         SYMBOL        i2cStatus
  C:24BDH         LINE#         57
  C:24BDH         LINE#         58
  C:24E0H         LINE#         59
  C:24E0H         LINE#         60
  C:24E0H         LINE#         64
  C:24E0H         LINE#         68
  C:24E3H         LINE#         69
  C:24E3H         LINE#         70
  C:24E5H         LINE#         72
  C:24E5H         LINE#         76
  C:24E5H         LINE#         80
  C:24EBH         LINE#         81
  C:24F8H         LINE#         82
  C:24F8H         LINE#         84
  C:24F8H         LINE#         85
  C:24F8H         LINE#         86
  C:24FAH         LINE#         88
  C:24FAH         LINE#         90
  C:250BH         LINE#         91
  C:250BH         LINE#         92
  C:250BH         LINE#         93
  C:250DH         LINE#         95
  C:250DH         LINE#         99
  C:250DH         LINE#         103
  C:2516H         LINE#         104
  C:2516H         LINE#         105
  C:2519H         LINE#         106
  C:251CH         LINE#         107
  C:251DH         LINE#         109
  C:251DH         LINE#         110
  C:251DH         LINE#         111
  C:251DH         LINE#         112
  C:251DH         LINE#         113
  C:251FH         LINE#         115
  C:251FH         LINE#         119
  C:2533H         LINE#         120
  C:2533H         LINE#         124
  C:2539H         LINE#         126
BL51 BANKED LINKER/LOCATER V6.15                                                      10/08/2009  12:46:40  PAGE 9


  C:2546H         LINE#         127
  C:2546H         LINE#         128
  C:2549H         LINE#         129
  C:254AH         LINE#         131
  C:254AH         LINE#         132
  C:254DH         LINE#         133
  C:254DH         LINE#         134
  C:254EH         LINE#         136
  C:254EH         LINE#         140
  C:2562H         LINE#         141
  C:2568H         LINE#         142
  C:2568H         LINE#         144
  C:256BH         LINE#         145
  C:256DH         LINE#         146
  C:256DH         LINE#         147
  C:256DH         LINE#         148
  -------         ENDPROC       _CHECKSTATUS
  -------         PROC          _I2C_SEND
  D:0001H         SYMBOL        buffer
  D:0005H         SYMBOL        size
  C:28ACH         LINE#         156
  C:28ACH         LINE#         157
  C:28ACH         LINE#         158
  C:28B6H         LINE#         159
  C:28BBH         LINE#         160
  C:28BEH         LINE#         162
  C:28D0H         LINE#         164
  C:28D2H         LINE#         165
  C:28D4H         LINE#         166
  C:28D9H         LINE#         168
  C:28DCH         LINE#         169
  C:28E1H         LINE#         170
  -------         ENDPROC       _I2C_SEND
  -------         PROC          _I2C_RECEIVE
  D:0001H         SYMBOL        buffer
  D:0005H         SYMBOL        size
  C:282EH         LINE#         178
  C:282EH         LINE#         179
  C:282EH         LINE#         180
  C:2837H         LINE#         182
  C:2841H         LINE#         183
  C:2846H         LINE#         184
  C:2849H         LINE#         186
  C:285DH         LINE#         187
  C:285FH         LINE#         188
  C:2861H         LINE#         189
  C:2866H         LINE#         191
  C:2869H         LINE#         192
  C:286EH         LINE#         193
  -------         ENDPROC       _I2C_RECEIVE
  -------         PROC          I2C_INIT
  C:29E6H         LINE#         197
  C:29E6H         LINE#         198
  C:29E6H         LINE#         199
  C:29E8H         LINE#         200
  C:29EBH         LINE#         202
  C:29EEH         LINE#         204
BL51 BANKED LINKER/LOCATER V6.15                                                      10/08/2009  12:46:40  PAGE 10


  C:29F0H         LINE#         205
  C:29F2H         LINE#         207
  C:29F4H         LINE#         208
  C:29F6H         LINE#         209
  C:29F8H         LINE#         210
  -------         ENDPROC       I2C_INIT
  -------         ENDMOD        I2C_MASTER

  -------         MODULE        SERVO
  C:0000H         SYMBOL        _ICE_DUMMY_
  C:2980H         PUBLIC        _servo_set_pos
  D:00FDH         PUBLIC        PWM1
  D:00FEH         PUBLIC        PWMP
  -------         PROC          _SERVO_SET_POS
  D:0007H         SYMBOL        pos
  C:2980H         LINE#         14
  C:2980H         LINE#         15
  C:2986H         LINE#         16
  C:2988H         LINE#         17
  C:2988H         LINE#         18
  C:298BH         LINE#         19
  C:2995H         LINE#         20
  -------         ENDPROC       _SERVO_SET_POS
  -------         ENDMOD        SERVO

  -------         MODULE        MAIN
  C:0000H         SYMBOL        _ICE_DUMMY_
  C:0023H         PUBLIC        reserve
  C:240AH         PUBLIC        main
  X:8048H         PUBLIC        buf
  -------         PROC          MAIN
  -------         DO            
  X:8000H         SYMBOL        send
  X:8001H         SYMBOL        order
  -------         ENDDO         
  C:240AH         LINE#         63
  C:240AH         LINE#         65
  C:240FH         LINE#         71
  C:2412H         LINE#         72
  C:2415H         LINE#         73
  C:241EH         LINE#         74
  C:2425H         LINE#         75
  C:242EH         LINE#         77
  C:242EH         LINE#         78
  C:2437H         LINE#         86
  C:2442H         LINE#         87
  C:246CH         LINE#         88
  C:247AH         LINE#         105
  C:2486H         LINE#         106
  C:248FH         LINE#         107
  C:2496H         LINE#         108
  C:249FH         LINE#         109
  C:24AAH         LINE#         110
  C:24B3H         LINE#         111
  C:24BAH         LINE#         112
  -------         ENDPROC       MAIN
  -------         ENDMOD        MAIN
BL51 BANKED LINKER/LOCATER V6.15                                                      10/08/2009  12:46:40  PAGE 11



  -------         MODULE        HELPER
  C:0000H         SYMBOL        _ICE_DUMMY_
  C:21E3H         PUBLIC        _int2str
  -------         PROC          _INT2STR
  X:8011H         SYMBOL        str
  X:8014H         SYMBOL        i
  -------         DO            
  X:8016H         SYMBOL        a
  X:8018H         SYMBOL        j
  X:8019H         SYMBOL        n
  -------         ENDDO         
  C:21E3H         LINE#         3
  C:21F4H         LINE#         7
  C:21FCH         LINE#         8
  C:2211H         LINE#         9
  C:2226H         LINE#         10
  C:2226H         LINE#         12
  C:2233H         LINE#         13
  C:2239H         LINE#         14
  C:2253H         LINE#         15
  C:225DH         LINE#         17
  C:226AH         LINE#         18
  C:227BH         LINE#         19
  C:2292H         LINE#         20
  C:22C6H         LINE#         21
  C:22DDH         LINE#         22
  C:22E5H         LINE#         23
  -------         ENDPROC       _INT2STR
  -------         ENDMOD        HELPER

  -------         MODULE        ORDER
  C:0000H         SYMBOL        _ICE_DUMMY_
  C:2996H         PUBLIC        _order_bytes_to_recv
  C:22FDH         PUBLIC        _order_add_params
  C:28E2H         PUBLIC        _order_send
  C:27E5H         PUBLIC        _order_init
  C:2A09H         PUBLIC        _order_set_type
  -------         PROC          _ORDER_INIT
  X:8011H         SYMBOL        order
  -------         DO            
  D:0007H         SYMBOL        i
  -------         ENDDO         
  C:27E5H         LINE#         6
  C:27F0H         LINE#         8
  C:27F2H         LINE#         11
  C:27F2H         LINE#         12
  C:2806H         LINE#         13
  C:280BH         LINE#         15
  C:281BH         LINE#         16
  -------         ENDPROC       _ORDER_INIT
  -------         PROC          _ORDER_SEND
  X:8011H         SYMBOL        order
  C:28E2H         LINE#         19
  C:28EDH         LINE#         20
  C:2908H         LINE#         21
  -------         ENDPROC       _ORDER_SEND
BL51 BANKED LINKER/LOCATER V6.15                                                      10/08/2009  12:46:40  PAGE 12


  -------         PROC          _ORDER_BYTES_TO_RECV
  D:0001H         SYMBOL        order
  C:2996H         LINE#         23
  C:2996H         LINE#         24
  C:29A5H         LINE#         25
  C:29A5H         LINE#         26
  C:29A5H         LINE#         27
  C:29A5H         LINE#         28
  C:29A8H         LINE#         29
  C:29A8H         LINE#         30
  C:29AAH         LINE#         31
  C:29AAH         LINE#         32
  -------         ENDPROC       _ORDER_BYTES_TO_RECV
  -------         PROC          _ORDER_SET_TYPE
  D:0001H         SYMBOL        order
  D:0005H         SYMBOL        type
  C:2A09H         LINE#         34
  C:2A09H         LINE#         35
  C:2A10H         LINE#         36
  -------         ENDPROC       _ORDER_SET_TYPE
  -------         PROC          _ORDER_ADD_PARAMS
  X:8011H         SYMBOL        order
  X:8014H         SYMBOL        format
  -------         DO            
  X:8017H         SYMBOL        ellipsis_40
  X:803FH         SYMBOL        num
  X:8041H         SYMBOL        arglist
  X:8044H         SYMBOL        i
  -------         DO            
  X:8046H         SYMBOL        arg
  -------         ENDDO         
  -------         ENDDO         
  C:22FDH         LINE#         39
  C:2308H         LINE#         40
  C:231CH         LINE#         42
  C:2323H         LINE#         44
  C:2330H         LINE#         45
  C:234FH         LINE#         46
  C:2365H         LINE#         47
  C:2393H         LINE#         48
  C:2398H         LINE#         49
  C:239FH         LINE#         50
  C:23BCH         LINE#         51
  C:23E0H         LINE#         52
  C:23F0H         LINE#         53
  C:23F8H         LINE#         54
  C:23F8H         LINE#         55
  C:2409H         LINE#         57
  -------         ENDPROC       _ORDER_ADD_PARAMS
  -------         ENDMOD        ORDER

  -------         MODULE        ?C?CLDPTR
  C:202EH         PUBLIC        ?C?CLDPTR
  -------         ENDMOD        ?C?CLDPTR

  -------         MODULE        ?C?CLDOPTR
  C:2047H         PUBLIC        ?C?CLDOPTR
BL51 BANKED LINKER/LOCATER V6.15                                                      10/08/2009  12:46:40  PAGE 13


  -------         ENDMOD        ?C?CLDOPTR

  -------         MODULE        ?C?CILDOPTR
  C:2074H         PUBLIC        ?C?CILDOPTR
  -------         ENDMOD        ?C?CILDOPTR

  -------         MODULE        ?C?CSTPTR
  C:20A7H         PUBLIC        ?C?CSTPTR
  -------         ENDMOD        ?C?CSTPTR

  -------         MODULE        ?C?CSTOPTR
  C:20B9H         PUBLIC        ?C?CSTOPTR
  -------         ENDMOD        ?C?CSTOPTR

  -------         MODULE        ?C?SIDIV
  C:20DBH         PUBLIC        ?C?SIDIV
  -------         ENDMOD        ?C?SIDIV

  -------         MODULE        ?C?IILDX
  C:2111H         PUBLIC        ?C?IILDX
  -------         ENDMOD        ?C?IILDX

  -------         MODULE        ?C?ILDIX
  C:2127H         PUBLIC        ?C?ILDIX
  -------         ENDMOD        ?C?ILDIX

  -------         MODULE        ?C?ILDPTR
  C:213DH         PUBLIC        ?C?ILDPTR
  -------         ENDMOD        ?C?ILDPTR

  -------         MODULE        ?C?CCASE
  C:2168H         PUBLIC        ?C?CCASE
  -------         ENDMOD        ?C?CCASE

  -------         MODULE        ?C_IBP
  D:0008H         PUBLIC        ?C_IBP
  -------         ENDMOD        ?C_IBP

  -------         MODULE        STRLEN
  C:29ABH         PUBLIC        _STRLEN
  -------         ENDMOD        STRLEN

  -------         MODULE        ?C?UIDIV
  C:218EH         PUBLIC        ?C?UIDIV
  -------         ENDMOD        ?C?UIDIV

*** WARNING L16: UNCALLED SEGMENT, IGNORED FOR OVERLAY PROCESS
    SEGMENT: ?PR?_WAIT_WITH_TIMER?TIMING

*** WARNING L16: UNCALLED SEGMENT, IGNORED FOR OVERLAY PROCESS
    SEGMENT: ?PR?_I2C_RECEIVE?I2C_MASTER

*** WARNING L16: UNCALLED SEGMENT, IGNORED FOR OVERLAY PROCESS
    SEGMENT: ?PR?_SERVO_SET_POS?SERVO

*** WARNING L16: UNCALLED SEGMENT, IGNORED FOR OVERLAY PROCESS
    SEGMENT: ?PR?_ORDER_BYTES_TO_RECV?ORDER
BL51 BANKED LINKER/LOCATER V6.15                                                      10/08/2009  12:46:40  PAGE 14



*** WARNING L1: UNRESOLVED EXTERNAL SYMBOL
    SYMBOL:  CONDTIMERSTATUS
    MODULE:  timing.obj (TIMING)

*** WARNING L2: REFERENCE MADE TO UNRESOLVED EXTERNAL
    SYMBOL:  CONDTIMERSTATUS
    MODULE:  timing.obj (TIMING)
    ADDRESS: 27C5H

*** WARNING L2: REFERENCE MADE TO UNRESOLVED EXTERNAL
    SYMBOL:  CONDTIMERSTATUS
    MODULE:  timing.obj (TIMING)
    ADDRESS: 296DH

Program Size: data=10.1 xdata=100 code=2585
LINK/LOCATE RUN COMPLETE.  7 WARNING(S),  0 ERROR(S)
